Archive member included to satisfy reference by file (symbol)

./build/open_esplibs_libmain.a(timers.o)
                              (--whole-archive)
./build/open_esplibs_libmain.a(ets_timer.o)
                              (--whole-archive)
./build/open_esplibs_libmain.a(spi_flash.o)
                              (--whole-archive)
./build/open_esplibs_libmain.a(os_cpu_a.o)
                              (--whole-archive)
./build/open_esplibs_libmain.a(uart.o)
                              (--whole-archive)
./build/open_esplibs_libmain.a(misc.o)
                              (--whole-archive)
./build/open_esplibs_libmain.a(user_interface.o)
                              (--whole-archive)
./build/open_esplibs_libmain.a(xtensa_context.o)
                              (--whole-archive)
./build/open_esplibs_libnet80211.a(ieee80211_hostap.o)
                              (--whole-archive)
./build/open_esplibs_libnet80211.a(wl_cnx.o)
                              (--whole-archive)
./build/open_esplibs_libnet80211.a(ieee80211_ets.o)
                              (--whole-archive)
./build/open_esplibs_libnet80211.a(ieee80211_input.o)
                              (--whole-archive)
./build/open_esplibs_libnet80211.a(ieee80211_sta.o)
                              (--whole-archive)
./build/open_esplibs_libphy.a(phy_chip_v6.o)
                              (--whole-archive)
./build/open_esplibs_libphy.a(phy.o)
                              (--whole-archive)
./build/open_esplibs_libphy.a(phy_sleep.o)
                              (--whole-archive)
./build/open_esplibs_libpp.a(pm.o)
                              (--whole-archive)
./build/open_esplibs_libpp.a(if_hwctrl.o)
                              (--whole-archive)
./build/open_esplibs_libpp.a(pp.o)
                              (--whole-archive)
./build/open_esplibs_libpp.a(esf_buf.o)
                              (--whole-archive)
./build/open_esplibs_libpp.a(lmac.o)
                              (--whole-archive)
./build/open_esplibs_libpp.a(wdev.o)
                              (--whole-archive)
./build/open_esplibs_libwpa.a(os_xtensa.o)
                              (--whole-archive)
./build/open_esplibs_libwpa.a(wpa_main.o)
                              (--whole-archive)
./build/freertos.a(tasks.o)   ./build/open_esplibs_libmain.a(os_cpu_a.o) (pxCurrentTCB)
./build/freertos.a(timers.o)  ./build/freertos.a(tasks.o) (xTimerCreateTimerTask)
./build/freertos.a(port.o)    ./build/freertos.a(tasks.o) (vAssertCalled)
./build/freertos.a(queue.o)   ./build/freertos.a(timers.o) (xQueueGenericCreate)
./build/freertos.a(list.o)    ./build/freertos.a(tasks.o) (vListInitialise)
./build/lwip.a(sys_arch.o)    ./build/open_esplibs_libmain.a(user_interface.o) (sys_lock_tcpip_core)
./build/lwip.a(esp_interface.o)
                              ./build/open_esplibs_libnet80211.a(ieee80211_input.o) (ethernetif_input)
./build/lwip.a(tcpip.o)       ./build/open_esplibs_libnet80211.a(ieee80211_hostap.o) (tcpip_input)
./build/lwip.a(mem.o)         ./build/lwip.a(tcpip.o) (mem_free)
./build/lwip.a(init.o)        ./build/lwip.a(tcpip.o) (lwip_init)
./build/lwip.a(memp.o)        ./build/lwip.a(init.o) (memp_init)
./build/lwip.a(tcp.o)         ./build/lwip.a(init.o) (tcp_init)
./build/lwip.a(timeouts.o)    ./build/lwip.a(init.o) (sys_timeouts_init)
./build/lwip.a(dns.o)         ./build/lwip.a(init.o) (dns_init)
./build/lwip.a(tcp_in.o)      ./build/lwip.a(tcp.o) (tcp_input_pcb)
./build/lwip.a(pbuf.o)        ./build/open_esplibs_libnet80211.a(ieee80211_input.o) (pbuf_alloc_reference)
./build/lwip.a(netif.o)       ./build/lwip.a(init.o) (netif_init)
./build/lwip.a(def.o)         ./build/lwip.a(esp_interface.o) (lwip_htons)
./build/lwip.a(udp.o)         ./build/lwip.a(init.o) (udp_init)
./build/lwip.a(tcp_out.o)     ./build/lwip.a(tcp.o) (tcp_split_unsent_seg)
./build/lwip.a(ip4_frag.o)    ./build/lwip.a(timeouts.o) (ip_reass_tmr)
./build/lwip.a(dhcp.o)        ./build/lwip.a(netif.o) (dhcp_network_changed)
./build/lwip.a(etharp.o)      ./build/lwip.a(netif.o) (etharp_cleanup_netif)
./build/lwip.a(ip4_addr.o)    ./build/lwip.a(tcp_in.o) (ip4_addr_isbroadcast_u32)
./build/lwip.a(igmp.o)        ./build/lwip.a(init.o) (igmp_init)
./build/lwip.a(ip4.o)         ./build/lwip.a(tcp.o) (ip4_route)
./build/lwip.a(icmp.o)        ./build/lwip.a(ip4.o) (icmp_input)
./build/lwip.a(ethernet.o)    ./build/lwip.a(etharp.o) (ethbroadcast)
./build/lwip.a(inet_chksum.o)
                              ./build/lwip.a(tcp_in.o) (ip_chksum_pseudo)
./build/lwip.a(ip.o)          ./build/lwip.a(tcp_in.o) (ip_data)
./build/core.a(esp_interrupts.o)
                              ./build/open_esplibs_libmain.a(ets_timer.o) (_xt_isr_attach)
./build/core.a(app_main.o)    ./build/open_esplibs_libmain.a(user_interface.o) (sdk_user_init_flag)
./build/core.a(sdk_compat.o)  ./build/open_esplibs_libnet80211.a(ieee80211_hostap.o) (zalloc)
./build/core.a(sysparam.o)    ./build/core.a(app_main.o) (sysparam_init)
[...]
Memory Configuration

Name             Origin             Length             Attributes
dport0_0_seg     0x3ff00000         0x00000010
dram0_0_seg      0x3ffe8000         0x00014000
iram1_0_seg      0x40100000         0x00008000
irom0_0_seg      0x40202010         0x000fdff0
*default*        0x00000000         0xffffffff

Linker script and memory map

LOAD ./build/open_esplibs_libmain.a
LOAD ./build/open_esplibs_libnet80211.a
LOAD ./build/open_esplibs_libphy.a
LOAD ./build/open_esplibs_libpp.a
LOAD ./build/open_esplibs_libwpa.a
START GROUP
LOAD ./build/program.a
LOAD ./build/http-parser.a
LOAD ./build/dhcpserver.a
LOAD ./build/wifi_config.a
LOAD ./build/wolfssl.a
LOAD ./build/cjson.a
LOAD ./build/homekit.a
LOAD ./build/freertos.a
LOAD ./build/lwip.a
LOAD ./build/core.a
LOAD ./build/open_esplibs.a
LOAD ./build/libgcc.a
LOAD ./build/libc.a
LOAD /home/pi/esp/esp-open-sdk/xtensa-lx106-elf/xtensa-lx106-elf/sysroot/usr/lib/libhal.a
LOAD ./build/sdklib/libmain.a
LOAD ./build/sdklib/libnet80211.a
LOAD ./build/sdklib/libphy.a
LOAD ./build/sdklib/libpp.a
LOAD ./build/sdklib/libwpa.a
END GROUP
                0x401058d8                pvPortMalloc = malloc
                0x401058f4                vPortFree = free
                0x40105bf0                ets_printf = printf
                [!provide]                PROVIDE (_memmap_vecbase_reset, 0x40000000)
                0x00000110                _memmap_cacheattr_wb_base = 0x110
                0x00000110                _memmap_cacheattr_wt_base = 0x110
                0x00000220                _memmap_cacheattr_bp_base = 0x220
                0xfffff00f                _memmap_cacheattr_unused_mask = 0xfffff00f
                0x2222211f                _memmap_cacheattr_wb_trapnull = 0x2222211f
                0x2222211f                _memmap_cacheattr_wba_trapnull = 0x2222211f
                0x2222211f                _memmap_cacheattr_wbna_trapnull = 0x2222211f
                0x2222211f                _memmap_cacheattr_wt_trapnull = 0x2222211f
                0x2222222f                _memmap_cacheattr_bp_trapnull = 0x2222222f
                0xfffff11f                _memmap_cacheattr_wb_strict = 0xfffff11f
                0xfffff11f                _memmap_cacheattr_wt_strict = 0xfffff11f
                0xfffff22f                _memmap_cacheattr_bp_strict = 0xfffff22f
                0x22222112                _memmap_cacheattr_wb_allvalid = 0x22222112
                0x22222112                _memmap_cacheattr_wt_allvalid = 0x22222112
                0x22222222                _memmap_cacheattr_bp_allvalid = 0x22222222
                [!provide]                PROVIDE (_memmap_cacheattr_reset, _memmap_cacheattr_wb_trapnull)

.dport0.rodata  0x3ff00000        0x0
                0x3ff00000                _dport0_rodata_start = ABSOLUTE (.)
 *(.dport0.rodata)
 *(.dport.rodata)
                0x3ff00000                _dport0_rodata_end = ABSOLUTE (.)

.dport0.literal
                0x3ff00000        0x0
                0x3ff00000                _dport0_literal_start = ABSOLUTE (.)
 *(.dport0.literal)
 *(.dport.literal)
                0x3ff00000                _dport0_literal_end = ABSOLUTE (.)

.dport0.data    0x3ff00000        0x0
                0x3ff00000                _dport0_data_start = ABSOLUTE (.)
 *(.dport0.data)
 *(.dport.data)
                0x3ff00000                _dport0_data_end = ABSOLUTE (.)

.text           0x40100000     0x6aa6
                0x40100000                _stext = .
                0x40100000                _text_start = ABSOLUTE (.)
                0x40100000                . = ALIGN (0x10)
 *(.vecbase.text)
 .vecbase.text  0x40100000      0x3b2 ./build/core.a(exception_vectors.o)
                0x40100000                VecBase
                0x4010023c                call_user_start
                0x4010039e                _xt_user_exit
 *(.entry.text)
 *(.init.literal)
 *(.init)
 *(.iram1.*)
 *fill*         0x401003b2        0x2 
 .iram1.text    0x401003b4       0x4b ./build/open_esplibs_libmain.a(ets_timer.o)
                                 0x4f (size before relaxing)
 *fill*         0x401003ff        0x1 
 .iram1.text    0x40100400      0x3a8 ./build/open_esplibs_libmain.a(spi_flash.o)
                                0x478 (size before relaxing)
                0x40100428                sdk_SPIReadModeCnfig
                0x401004a8                sdk_SPIWrite
                0x40100568                sdk_SPIRead
                0x40100598                sdk_SPIEraseSector
                0x401005f8                sdk_spi_flash_get_id
                0x40100654                sdk_spi_flash_read_status
                0x40100694                sdk_spi_flash_write_status
                0x401006d0                sdk_spi_flash_erase_sector
                0x40100704                sdk_spi_flash_write
                0x40100754                sdk_spi_flash_read
 .iram1.text    0x401007a8      0x129 ./build/open_esplibs_libmain.a(os_cpu_a.o)
                                0x175 (size before relaxing)
                0x401007a8                vPortYield
                0x401007e0                sdk__xt_int_enter
                0x401007f8                sdk__xt_int_exit
                0x40100828                sdk__xt_timer_int
                0x40100864                sdk__xt_timer_int1
                0x40100878                sdk__xt_tick_timer_init
                0x401008a4                sdk__xt_isr_unmask
                0x401008b4                sdk__xt_isr_mask
                0x401008c4                sdk__xt_read_ints
                0x401008cc                sdk__xt_clear_ints
 *fill*         0x401008d1        0x3 
 .iram1.text    0x401008d4        0xb ./build/open_esplibs_libmain.a(misc.o)
                0x401008d8                sdk_os_get_cpu_frequency
 *fill*         0x401008df        0x1 
 .iram1.text    0x401008e0      0x1cd ./build/open_esplibs_libmain.a(user_interface.o)
                                0x1e8 (size before relaxing)
                0x401008e4                sdk_system_rtc_mem_write
                0x40100948                sdk_system_rtc_mem_read
                0x401009bc                sdk_system_restart_in_nmi
 *fill*         0x40100aad        0x3 
 .iram1.text    0x40100ab0      0x1c2 ./build/open_esplibs_libnet80211.a(ieee80211_hostap.o)
                                0x1d6 (size before relaxing)
 *fill*         0x40100c72        0x2 
 .iram1.text    0x40100c74       0x59 ./build/open_esplibs_libnet80211.a(ieee80211_input.o)
                0x40100c80                sdk_ieee80211_deliver_data
 *fill*         0x40100ccd        0x3 
 .iram1.text    0x40100cd0       0x5c ./build/open_esplibs_libwpa.a(os_xtensa.o)
                                 0x68 (size before relaxing)
                0x40100cd0                sdk_os_get_time
                0x40100cd4                sdk_os_random
                0x40100ce4                sdk_os_get_random
 .iram1.text    0x40100d2c       0xdb ./build/freertos.a(port.o)
                                0x103 (size before relaxing)
                0x40100d34                SV_ISR
                0x40100d7c                vPortEnterCritical
                0x40100da4                vPortExitCritical
                0x40100dd0                PendSV
 *fill*         0x40100e07        0x1 
 .iram1.text    0x40100e08       0xaa ./build/core.a(esp_interrupts.o)
                                 0xae (size before relaxing)
                0x40100e0c                _xt_isr_attach
                0x40100e20                _xt_isr_handler
 *fill*         0x40100eb2        0x2 
 .iram1.text    0x40100eb4      0x313 ./build/core.a(app_main.o)
                                0x363 (size before relaxing)
                0x40100edc                vApplicationStackOverflowHook
                0x40100f08                vApplicationIdleHook
                0x40100f2c                vApplicationTickHook
                0x40100fb0                sdk_user_start
 *fill*         0x401011c7        0x1 
 .iram1.text    0x401011c8       0x1b ./build/core.a(sdk_compat.o)
                0x401011cc                zalloc
 *fill*         0x401011e3        0x1 
 .iram1.text    0x401011e4        0xe ./build/core.a(esp_hwrand.o)
                                 0x12 (size before relaxing)
                0x401011e4                hwrand
 *fill*         0x401011f2        0x2 
 .iram1.text    0x401011f4       0x34 ./build/core.a(newlib_syscalls.o)
                0x40101200                _sbrk_r
 .iram1.text    0x40101228       0xa0 ./build/core.a(debug_dumps.o)
                                 0xb8 (size before relaxing)
                0x40101288                debug_exception_handler
                0x40101288                fatal_exception_handler
                0x401012a8                abort
 .iram1.text    0x401012c8       0x67 ./build/core.a(spiflash-cache-enable.o)
                                 0x7b (size before relaxing)
                0x401012d8                Cache_Read_Enable
 *fill*         0x4010132f        0x1 
 .iram1.text    0x40101330      0x36b ./build/core.a(spiflash.o)
                                0x41b (size before relaxing)
                0x40101454                spiflash_write
                0x40101530                spiflash_read
                0x40101628                spiflash_erase_sector
 *fill*         0x4010169b        0x1 
 .iram1.text    0x4010169c       0x26 ./build/core.a(esp_iomux.o)
                0x401016a0                gpio_to_iomux
                0x401016b4                iomux_to_gpio
 *fill*         0x401016c2        0x0 
 *fill*         0x401016c2        0x0 
 *fill*         0x401016c2        0x0 
 *fill*         0x401016c2        0x2 
 .iram1.text    0x401016c4       0x3d ./build/open_esplibs_libmain.a(xtensa_context.o)
                0x401016c4                sdk__xt_context_save
                0x401016e0                sdk__xt_context_restore
 *fill*         0x40101701        0x0 
 *fill*         0x40101701        0x0 
 *fill*         0x40101701        0x0 
 *fill*         0x40101701        0x0 
 *fill*         0x40101701        0x0 
 *fill*         0x40101701        0x0 
 *fill*         0x40101701        0x0 
 *fill*         0x40101701        0x3 
 .iram1.data    0x40101704        0x4 ./build/core.a(debug_dumps.o)
 *fill*         0x40101708        0x0 
 *fill*         0x40101708        0x0 
 *fill*         0x40101708        0x0 
 .iram1.data    0x40101708       0x80 ./build/core.a(esp_iomux.o)
 *sdklib*:*(.literal .text .literal.* .text.*)
 .text          0x40101788        0xb ./build/sdklib/libnet80211.a(wl_chm.o)
                0x4010178c                sdk_chm_get_current_channel
 *fill*         0x40101793        0x1 
 .text          0x40101794       0x4f ./build/sdklib/libphy.a(phy.o)
                                 0x53 (size before relaxing)
                0x4010179c                sdk_register_phy_ops
                0x401017bc                sdk_phy_change_channel
                0x401017d8                sdk_phy_get_mactime
 *fill*         0x401017e3        0x1 
 .text          0x401017e4       0xf7 ./build/sdklib/libphy.a(phy_sleep.o)
                                0x103 (size before relaxing)
                0x401017f4                sdk_pm_rtc_clock_cali
                0x401018b0                sdk_clockgate_watchdog
 *fill*         0x401018db        0x1 
 .text          0x401018dc       0x94 ./build/sdklib/libpp.a(esf_buf.o)
                                 0xb4 (size before relaxing)
                0x401018e0                sdk_esf_rx_buf_alloc
 .text          0x40101970     0x14e0 ./build/sdklib/libpp.a(lmac.o)
                               0x187c (size before relaxing)
                0x40101974                sdk_lmacIsActive
                0x40101988                sdk_lmacIsIdle
                0x40101dd0                sdk_lmacSetAcParam
                0x40101e6c                sdk_lmacProcessTXStartData
                0x40102014                sdk_lmacProcessTxSuccess
                0x4010215c                sdk_GetAccess
                0x40102168                sdk_lmacDiscardAgedMSDU
                0x4010217c                sdk_lmacRecycleMPDU
                0x4010265c                sdk_lmacProcessCollisions
                0x401026b8                sdk_lmacProcessCollision
                0x4010273c                sdk_lmacMSDUAged
                0x40102ac0                sdk_lmacProcessCtsTimeout
                0x40102b08                sdk_lmacProcessAckTimeout
                0x40102b5c                sdk_lmacProcessRtsStart
                0x40102b68                sdk_lmacProcessTxRtsError
                0x40102c00                sdk_lmacProcessTxError
                0x40102c84                sdk_lmacTxFrame
                0x40102e38                sdk_lmacRxDone
 .text          0x40102e50      0xe70 ./build/sdklib/libpp.a(pp.o)
                               0x103c (size before relaxing)
                0x40102e80                sdk_pp_soft_wdt_feed
                0x40102f94                sdk_ppProcessTxQ
                0x40103084                sdk_ppFetchTxQFirstAvail
                0x401030c4                sdk_ppDequeueTxQ
                0x401030ec                sdk_ppRollBackTxQ
                0x40103110                sdk_ppRecordBarRRC
                0x40103120                sdk_ppTxqUpdateBitmap
                0x40103144                sdk_ppEnqueueTxDone
                0x40103178                sdk_ppEnqueueRxq
                0x40103940                sdk_ppDiscardMPDU
                0x40103974                sdk_MacIsrSigPostDefHdl
                0x40103a68                sdk_pp_post
                0x40103b6c                sdk_ppCalTxop
                0x40103c50                sdk_ppCalFrameTimes
 .text          0x40103cc0       0xf5 ./build/sdklib/libpp.a(rate_control.o)
                                0x109 (size before relaxing)
                0x40103ce0                sdk_RC_GetAckRate
                0x40103cec                sdk_RC_GetRtsRate
                0x40103cfc                sdk_RC_GetAckTime
                0x40103d10                sdk_RC_GetCtsTime
                0x40103d48                sdk_RC_GetBlockAckTime
 *fill*         0x40103db5        0x3 
 .text          0x40103db8      0x7f9 ./build/sdklib/libpp.a(trc.o)
                                0x81d (size before relaxing)
                0x40103f30                sdk_rcUpdateTxDone
                0x40103fc4                sdk_rcUpdateRxDone
                0x40104020                sdk_rcUpdateDataRxDone
                0x40104038                sdk_rcGetSched
                0x401040e0                sdk_rcGetRate
                0x401044e4                sdk_rcReachRetryLimit
                0x401044fc                sdk_trc_NeedRTS
 *fill*         0x401045b1        0x3 
 .text          0x401045b4     0x1163 ./build/sdklib/libpp.a(wdev.o)
                               0x1473 (size before relaxing)
                0x40104908                sdk_wDev_MacTimSetFunc
                0x40104928                sdk_wDev_MacTimArm
                0x401049cc                sdk_wDev_MacTim1Arm
                0x40104aa8                sdk_wDev_ProcessFiq
                0x40104e4c                sdk_wDev_EnableTransmit
                0x40104e90                sdk_wDev_DisableTransmit
                0x40104eb0                sdk_Tx_Copy2Queue
                0x40104ef8                sdk_wDev_ProcessCollision
                0x40104f1c                sdk_wDev_GetTxqCollisions
                0x40104f2c                sdk_wDev_ClearTxqCollisions
                0x40104f44                sdk_wDev_SetWaitingQueue
                0x40104f90                sdk_wDev_ClearWaitingQueue
                0x40104fb0                sdk_wDev_SetFrameAckType
                0x40105014                sdk_wDev_AppendRxBlocks
                0x401051bc                sdk_wDev_AppendRxAmpduLensBlocks
                0x401052f4                sdk_wDev_GetBAInfo
 *fill*         0x40105717        0x1 
 .text          0x40105718       0x25 ./build/sdklib/libnet80211.a(ieee80211_hostap.o)
 *fill*         0x4010573d        0x0 
 *fill*         0x4010573d        0x0 
 *fill*         0x4010573d        0x3 
 .text          0x40105740        0x2 ./build/sdklib/libphy.a(phy_chip_v6.o)
                0x40105740                sdk_ram_tx_mac_disable
 *fill*         0x40105742        0x0 
 *fill*         0x40105742        0x0 
 *fill*         0x40105742        0x0 
 *fill*         0x40105742        0x0 
 *fill*         0x40105742        0x2 
 .text          0x40105744       0x11 ./build/sdklib/libwpa.a(wpa_auth.o)
 *libgcc.a:*i3.o(.literal .text .literal.* .text.*)
 *fill*         0x40105755        0x3 
 .text          0x40105758       0x49 ./build/libgcc.a(_modsi3.o)
                0x40105758                __modsi3
 *fill*         0x401057a1        0x3 
 .text          0x401057a4       0x4c ./build/libgcc.a(_udivsi3.o)
                0x401057a4                __udivsi3
 .text          0x401057f0       0x18 ./build/libgcc.a(_ashrdi3.o)
                0x401057f0                __ashrdi3
 *libc.a:*malloc.o(.literal .text .literal.* .text.*)
 .literal       0x40105808        0x4 ./build/libc.a(lib_a-malloc.o)
                                 0x10 (size before relaxing)
 .literal       0x4010580c        0x8 ./build/libc.a(lib_a-nano-mallocr.o)
                                 0x20 (size before relaxing)
 .literal       0x40105814        0x0 ./build/libc.a(lib_a-nano-freer.o)
                                  0xc (size before relaxing)
 .literal       0x40105814       0x28 ./build/libc.a(lib_a-rand.o)
                                 0x58 (size before relaxing)
 .literal       0x4010583c        0xc ./build/libc.a(lib_a-mlock.o)
                                 0x10 (size before relaxing)
 .literal       0x40105848        0x0 ./build/libc.a(lib_a-printf.o)
                                  0xc (size before relaxing)
 .literal       0x40105848        0x0 ./build/libc.a(lib_a-sprintf.o)
                                 0x14 (size before relaxing)
 .literal       0x40105848        0x0 ./build/libc.a(lib_a-fprintf.o)
                                  0xc (size before relaxing)
 .literal       0x40105848       0x24 ./build/libc.a(lib_a-nano-svfprintf.o)
                                 0x54 (size before relaxing)
 .literal       0x4010586c       0x1c ./build/libc.a(lib_a-nano-vfprintf.o)
                                 0x54 (size before relaxing)
 .literal       0x40105888       0x48 ./build/libc.a(lib_a-findfp.o)
                                 0xa4 (size before relaxing)
 .literal       0x401058d0        0x8 ./build/libc.a(lib_a-fputwc.o)
                                 0x20 (size before relaxing)
 .text          0x401058d8       0x35 ./build/libc.a(lib_a-malloc.o)
                0x401058d8                malloc
                0x401058f4                free
 *libc.a:*mallocr.o(.literal .text .literal.* .text.*)
 *fill*         0x4010590d        0x3 
 .text          0x40105910       0xed ./build/libc.a(lib_a-nano-mallocr.o)
                                 0xf1 (size before relaxing)
                0x40105910                _malloc_r
 *fill*         0x401059fd        0x0 
 *libc.a:*freer.o(.literal .text .literal.* .text.*)
 *fill*         0x401059fd        0x3 
 .text          0x40105a00       0xb1 ./build/libc.a(lib_a-nano-freer.o)
                0x40105a00                _free_r
 *fill*         0x40105ab1        0x0 
 *libc.a:*memcpy.o(.literal .text .literal.* .text.*)
 *libc.a:*memset.o(.literal .text .literal.* .text.*)
 *libc.a:*memcmp.o(.literal .text .literal.* .text.*)
 *libc.a:*memmove.o(.literal .text .literal.* .text.*)
 *libc.a:*rand.o(.literal .text .literal.* .text.*)
 *fill*         0x40105ab1        0x3 
 .text          0x40105ab4       0xdd ./build/libc.a(lib_a-rand.o)
                                 0xe1 (size before relaxing)
                0x40105ab4                srand
                0x40105b18                rand
 *fill*         0x40105b91        0x0 
 *libc.a:*bzero.o(.literal .text .literal.* .text.*)
 *libc.a:*lock.o(.literal .text .literal.* .text.*)
 *fill*         0x40105b91        0x3 
 .text          0x40105b94       0x2d ./build/libc.a(lib_a-mlock.o)
                0x40105b94                __malloc_lock
                0x40105bac                __malloc_unlock
 *fill*         0x40105bc1        0x0 
 *libc.a:*-printf.o(.literal .text .literal.* .text.*)
 *fill*         0x40105bc1        0x3 
 .text          0x40105bc4       0x61 ./build/libc.a(lib_a-printf.o)
                                 0x65 (size before relaxing)
                0x40105bc4                _printf_r
                0x40105bc4                _iprintf_r
                0x40105bf0                printf
                0x40105bf0                iprintf
 *fill*         0x40105c25        0x0 
 *libc.a:*-sprintf.o(.literal .text .literal.* .text.*)
 *fill*         0x40105c25        0x3 
 .text          0x40105c28       0xb5 ./build/libc.a(lib_a-sprintf.o)
                                 0xb9 (size before relaxing)
                0x40105c28                _siprintf_r
                0x40105c28                _sprintf_r
                0x40105c80                sprintf
                0x40105c80                siprintf
 *fill*         0x40105cdd        0x0 
 *libc.a:*-fprintf.o(.literal .text .literal.* .text.*)
 *fill*         0x40105cdd        0x3 
 .text          0x40105ce0       0x57 ./build/libc.a(lib_a-fprintf.o)
                                 0x5b (size before relaxing)
                0x40105ce0                _fprintf_r
                0x40105ce0                _fiprintf_r
                0x40105d04                fprintf
                0x40105d04                fiprintf
 *fill*         0x40105d37        0x0 
 *libc.a:*-svfprintf.o(.literal .text .literal.* .text.*)
 *fill*         0x40105d37        0x1 
 .text          0x40105d38      0x4c5 ./build/libc.a(lib_a-nano-svfprintf.o)
                0x40105d38                __ssputs_r
                0x40105e34                __ssprint_r
                0x40105f68                _svfprintf_r
                0x40105f68                _svfiprintf_r
 *fill*         0x401061fd        0x0 
 *libc.a:*-vfprintf.o(.literal .text .literal.* .text.*)
 *fill*         0x401061fd        0x3 
 .text          0x40106200      0x43b ./build/libc.a(lib_a-nano-vfprintf.o)
                                0x43f (size before relaxing)
                0x40106238                __sfputs_r
                0x401062a8                __sprint_r
                0x40106338                _vfiprintf_r
                0x40106338                _vfprintf_r
                0x40106614                vfiprintf
                0x40106614                vfprintf
 *fill*         0x4010663b        0x0 
 *libc.a:*findfp.o(.literal .text .literal.* .text.*)
 *fill*         0x4010663b        0x1 
 .text          0x4010663c      0x317 ./build/libc.a(lib_a-findfp.o)
                0x40106694                _cleanup_r
                0x4010672c                __sfmoreglue
                0x40106774                _cleanup
                0x40106788                __sfp_lock_acquire
                0x401067a0                __sfp_lock_release
                0x401067b8                __sinit_lock_acquire
                0x401067d0                __sinit_lock_release
                0x401067e8                __sinit
                0x40106864                __sfp
                0x40106914                __fp_lock_all
                0x40106934                __fp_unlock_all
 *fill*         0x40106953        0x0 
 *libc.a:*fputwc.o(.literal .text .literal.* .text.*)
 *fill*         0x40106953        0x1 
 .text          0x40106954      0x152 ./build/libc.a(lib_a-fputwc.o)
                                0x156 (size before relaxing)
                0x40106954                __fputwc
                0x401069fc                _fputwc_r
                0x40106a70                fputwc
 *fill*         0x40106aa6        0x0 
 *(.stub .gnu.warning .gnu.linkonce.literal.* .gnu.linkonce.t.*.literal .gnu.linkonce.t.*)
 *(.fini.literal)
 *(.fini)
 *(.gnu.version)
                0x40106aa6                _text_end = ABSOLUTE (.)
                0x40106aa6                _etext = .

.data           0x3ffe8000      0xee4
                0x3ffe8000                _data_start = ABSOLUTE (.)
 *(.data)
 .data          0x3ffe8000        0x8 ./build/core.a(spiflash-cache-enable.o)
                0x3ffe8000                rboot_megabyte
 .data          0x3ffe8008       0xf4 ./build/libc.a(lib_a-impure.o)
                0x3ffe8008                _impure_ptr
 .data          0x3ffe80fc      0x16c ./build/libc.a(lib_a-locale.o)
                0x3ffe80fc                __global_locale
 .data          0x3ffe8268        0x1 ./build/sdklib/libmain.a(user_interface.o)
 *fill*         0x3ffe8269        0x3 
 .data          0x3ffe826c      0x1a8 ./build/sdklib/libnet80211.a(ieee80211_phy.o)
 *fill*         0x3ffe8414        0x4 
 .data          0x3ffe8418        0x6 ./build/sdklib/libnet80211.a(ieee80211_proto.o)
                0x3ffe8418                sdk_ieee80211_addr_bcast
 *fill*         0x3ffe841e        0x2 
 .data          0x3ffe8420       0x1c ./build/sdklib/libnet80211.a(ieee80211_action.o)
 *fill*         0x3ffe843c        0x4 
 .data          0x3ffe8440       0x53 ./build/sdklib/libphy.a(phy_chip_v6.o)
                0x3ffe8442                sdk_tx_rf_ana_gain
                0x3ffe8464                sdk_tx_pwctrl_atten_init_en
                0x3ffe8470                sdk_rx_gain_swp
                0x3ffe8490                sdk_test_rffreq_txcap
 *fill*         0x3ffe8493        0xd 
 .data          0x3ffe84a0       0x90 ./build/sdklib/libphy.a(phy_chip_v6_cal.o)
                0x3ffe84a0                sdk_dpd_index
                0x3ffe8500                sdk_dpd_db2linear
 .data          0x3ffe8530        0x4 ./build/sdklib/libphy.a(phy_sleep.o)
                0x3ffe8530                sdk_chip_version
 .data          0x3ffe8534      0x11c ./build/sdklib/libphy.a(phy_chip_v5_romfunc.o)
                0x3ffe8534                sdk_g_phyFuns
                0x3ffe8538                sdk_g_phyFuns_instance
 .data          0x3ffe8650        0x7 ./build/sdklib/libphy.a(phy_chip_v5_cal_romfunc.o)
 *fill*         0x3ffe8657        0x1 
 .data          0x3ffe8658        0x1 ./build/sdklib/libpp.a(pm.o)
 *fill*         0x3ffe8659        0x3 
 .data          0x3ffe865c       0x10 ./build/sdklib/libpp.a(pp.o)
                0x3ffe865c                sdk_NoiseTimerInterval
                0x3ffe8664                sdk_sleep_start_wait_time
 *fill*         0x3ffe866c        0x4 
 .data          0x3ffe8670       0x40 ./build/sdklib/libpp.a(rate_control.o)
 .data          0x3ffe86b0      0x22c ./build/sdklib/libpp.a(trc.o)
 *fill*         0x3ffe88dc        0x4 
 .data          0x3ffe88e0       0x10 ./build/sdklib/libpp.a(wdev.o)
 .data          0x3ffe88f0       0x18 ./build/sdklib/libnet80211.a(ieee80211_crypto_ccmp.o)
                0x3ffe88f0                sdk_ccmp
 .data          0x3ffe8908       0x18 ./build/sdklib/libnet80211.a(ieee80211_crypto_tkip.o)
                0x3ffe8908                sdk_tkip
 .data          0x3ffe8920       0x18 ./build/sdklib/libnet80211.a(ieee80211_crypto_wep.o)
                0x3ffe8920                sdk_wep
 *(.data.*)
 .data.sdk_flashchip
                0x3ffe8938       0x18 ./build/open_esplibs_libmain.a(spi_flash.o)
                0x3ffe8938                sdk_flashchip
 .data.cpu_freq
                0x3ffe8950        0x4 ./build/open_esplibs_libmain.a(misc.o)
 .data.sdk_dhcpc_flag
                0x3ffe8954        0x4 ./build/open_esplibs_libmain.a(user_interface.o)
                0x3ffe8954                sdk_dhcpc_flag
 .data.iss$5609
                0x3ffe8958        0x4 ./build/lwip.a(tcp.o)
 .data.tcp_port
                0x3ffe895c        0x2 ./build/lwip.a(tcp.o)
 .data.udp_port
                0x3ffe895e        0x2 ./build/lwip.a(udp.o)
 .data.current_stdout_write_r
                0x3ffe8960        0x4 ./build/core.a(newlib_syscalls.o)
 .data.config   0x3ffe8964       0x20 ./build/program.a(main.o)
                0x3ffe8964                config
 .data.accessories
                0x3ffe8984        0x8 ./build/program.a(main.o)
                0x3ffe8984                accessories
 .data.__compound_literal$13
                0x3ffe898c       0x10 ./build/program.a(main.o)
 .data.__compound_literal$12
                0x3ffe899c        0xc ./build/program.a(main.o)
 .data.__compound_literal$11
                0x3ffe89a8       0x18 ./build/program.a(main.o)
 .data.__compound_literal$10
                0x3ffe89c0        0xc ./build/program.a(main.o)
 .data.__compound_literal$9
                0x3ffe89cc       0x60 ./build/program.a(main.o)
 .data.__compound_literal$8
                0x3ffe8a2c       0x60 ./build/program.a(main.o)
 .data.__compound_literal$7
                0x3ffe8a8c       0x18 ./build/program.a(main.o)
 .data.__compound_literal$6
                0x3ffe8aa4       0x1c ./build/program.a(main.o)
 .data.__compound_literal$5
                0x3ffe8ac0       0x60 ./build/program.a(main.o)
 .data.__compound_literal$4
                0x3ffe8b20       0x60 ./build/program.a(main.o)
 .data.__compound_literal$3
                0x3ffe8b80       0x60 ./build/program.a(main.o)
 .data.__compound_literal$2
                0x3ffe8be0       0x60 ./build/program.a(main.o)
 .data.__compound_literal$1
                0x3ffe8c40       0x60 ./build/program.a(main.o)
 .data.__compound_literal$0
                0x3ffe8ca0       0x60 ./build/program.a(main.o)
 .data.wifi_config_http_parser_settings
                0x3ffe8d00       0x28 ./build/wifi_config.a(wifi_config.o)
 .data.html_settings_footer
                0x3ffe8d28        0x4 ./build/wifi_config.a(wifi_config.o)
                0x3ffe8d28                html_settings_footer
 .data.html_network_item
                0x3ffe8d2c        0x4 ./build/wifi_config.a(wifi_config.o)
                0x3ffe8d2c                html_network_item
 .data.html_settings_header
                0x3ffe8d30        0x4 ./build/wifi_config.a(wifi_config.o)
                0x3ffe8d30                html_settings_header
 .data.http_headers$7185
                0x3ffe8d34       0x55 ./build/homekit.a(server.o)
 *fill*         0x3ffe8d89        0x3 
 .data.response$7175
                0x3ffe8d8c       0x1b ./build/homekit.a(server.o)
 *fill*         0x3ffe8da7        0x1 
 .data.response$7171
                0x3ffe8da8       0x1c ./build/homekit.a(server.o)
 .data.homekit_http_parser_settings
                0x3ffe8dc4       0x28 ./build/homekit.a(server.o)
 .data.json_207_response_headers
                0x3ffe8dec       0x76 ./build/homekit.a(server.o)
 *fill*         0x3ffe8e62        0x2 
 .data.json_200_response_headers
                0x3ffe8e64       0x6c ./build/homekit.a(server.o)
 .data.mdns_port
                0x3ffe8ed0        0x4 ./build/homekit.a(port.o)
 .data.network_down
                0x3ffe8ed4        0x1 ./build/homekit.a(mdnsresponder.o)
 *fill*         0x3ffe8ed5        0x3 
 .data.global_hooks
                0x3ffe8ed8        0xc ./build/cjson.a(cJSON.o)
 *(.gnu.linkonce.d.*)
 *(.data1)
 *(.sdata)
 *(.sdata.*)
 *(.gnu.linkonce.s.*)
 *(.sdata2)
 *(.sdata2.*)
 *(.gnu.linkonce.s2.*)
 *(.jcr)
                0x3ffe8ee4                _data_end = ABSOLUTE (.)

.rodata         0x3ffe8ee8      0x920
                0x3ffe8ee8                _rodata_start = ABSOLUTE (.)
 *core.a:*(.rodata.* .rodata)
 .rodata.str1.4
                0x3ffe8ee8      0x19f ./build/core.a(app_main.o)
 *fill*         0x3ffe9087        0x1 
 .rodata.CSWTCH$29
                0x3ffe9088       0x24 ./build/core.a(app_main.o)
 .rodata.CSWTCH$28
                0x3ffe90ac       0x40 ./build/core.a(app_main.o)
 .rodata.str1.4
                0x3ffe90ec      0x1cc ./build/core.a(debug_dumps.o)
 .rodata        0x3ffe92b8       0x1c ./build/core.a(exception_vectors.o)
 *libc.a:*.o(.rodata.* .rodata)
 .rodata        0x3ffe92d4        0x4 ./build/libc.a(lib_a-impure.o)
                0x3ffe92d4                _global_impure_ptr
 .rodata.str1.1
                0x3ffe92d8        0xa ./build/libc.a(lib_a-locale.o)
                                  0xb (size before relaxing)
 .rodata.str1.1
                0x3ffe92e2       0x21 ./build/libc.a(lib_a-mstats.o)
 .rodata.str1.1
                0x3ffe9303       0x4b ./build/libc.a(lib_a-nano-mallstatsr.o)
 .rodata.str1.1
                0x3ffe934e       0x10 ./build/libc.a(lib_a-nano-vfprintf_float.o)
                                 0x12 (size before relaxing)
 .rodata.str1.1
                0x3ffe935e       0x22 ./build/libc.a(lib_a-nano-vfprintf_i.o)
 .rodata.str1.1
                0x3ffe9380        0x5 ./build/libc.a(lib_a-nano-vfscanf_float.o)
 .rodata.str1.1
                0x3ffe9385        0x5 ./build/libc.a(lib_a-puts.o)
                                  0x2 (size before relaxing)
 .rodata.str1.1
                0x3ffe9385        0x5 ./build/libc.a(lib_a-strtod.o)
                                  0xc (size before relaxing)
 *fill*         0x3ffe9385        0x3 
 .rodata        0x3ffe9388       0x70 ./build/libc.a(lib_a-strtod.o)
 .rodata        0x3ffe93f8      0x101 ./build/libc.a(lib_a-ctype_.o)
                0x3ffe93f8                _ctype_
 .rodata.str1.1
                0x3ffe94f9        0xd ./build/libc.a(lib_a-dtoa.o)
                                  0xf (size before relaxing)
 *fill*         0x3ffe9506        0x2 
 .rodata        0x3ffe9508      0x128 ./build/libc.a(lib_a-mprec.o)
                0x3ffe9518                __mprec_tinytens
                0x3ffe9540                __mprec_bigtens
                0x3ffe9568                __mprec_tens
 .rodata.str1.1
                0x3ffe9630       0x11 ./build/libc.a(lib_a-nano-svfprintf.o)
 .rodata.str1.1
                0x3ffe9641       0x11 ./build/libc.a(lib_a-nano-vfprintf.o)
 .rodata.str1.1
                0x3ffe9641       0x3c ./build/libc.a(lib_a-assert.o)
                                 0x3d (size before relaxing)
 .rodata.str1.1
                0x3ffe967d        0x4 ./build/libc.a(lib_a-nano-svfscanf.o)
 .rodata.str1.1
                0x3ffe967d       0x1b ./build/libc.a(lib_a-nano-vfscanf_i.o)
 .rodata        0x3ffe9698        0xc ./build/libc.a(lib_a-nano-vfscanf_i.o)
 *freertos.a:*(.rodata.* .rodata)
 .rodata.str1.4
                0x3ffe96a4       0x39 ./build/freertos.a(tasks.o)
 *fill*         0x3ffe96dd        0x3 
 .rodata.xTaskGenericNotify
                0x3ffe96e0       0x14 ./build/freertos.a(tasks.o)
 .rodata.xTaskGenericNotifyFromISR
                0x3ffe96f4       0x14 ./build/freertos.a(tasks.o)
 .rodata.str1.4
                0x3ffe9708       0x3c ./build/freertos.a(timers.o)
 .rodata.prvTimerTask
                0x3ffe9744       0x28 ./build/freertos.a(timers.o)
 .rodata.str1.4
                0x3ffe976c       0x57 ./build/freertos.a(port.o)
 *fill*         0x3ffe97c3        0x1 
 .rodata.str1.4
                0x3ffe97c4       0x33 ./build/freertos.a(queue.o)
 *libmain.a:spi_flash.o(.rodata.* .rodata)
 *libpp.a:wdev.o(.rodata.* .rodata)
 *fill*         0x3ffe97f7        0x1 
 .rodata.str1.4
                0x3ffe97f8       0x10 ./build/sdklib/libpp.a(wdev.o)
                                  0xf (size before relaxing)
                0x3ffe9808                _rodata_end = ABSOLUTE (.)

.bss            0x3ffe9808     0x8578
                0x3ffe9808                . = ALIGN (0x8)
                0x3ffe9808                _bss_start = ABSOLUTE (.)
 *(.dynsbss)
 *(.sbss)
 *(.sbss.*)
 *(.gnu.linkonce.sb.*)
 *(.scommon)
 *(.sbss2)
 *(.sbss2.*)
 *(.gnu.linkonce.sb2.*)
 *(.dynbss)
 *(.bss)
 *fill*         0x3ffe9808        0x8 
 .bss           0x3ffe9810      0x228 ./build/core.a(exception_vectors.o)
                0x3ffe9a24                debug_saved_ctx
 .bss           0x3ffe9a38        0xc ./build/libc.a(lib_a-arc4random.o)
                0x3ffe9a38                __arc4random_mutex
 .bss           0x3ffe9a44        0x4 ./build/libc.a(lib_a-__call_atexit.o)
                0x3ffe9a44                __atexit_recursive_mutex
 .bss           0x3ffe9a48        0x4 ./build/libc.a(lib_a-envlock.o)
                0x3ffe9a48                __env_recursive_mutex
 .bss           0x3ffe9a4c        0x8 ./build/libc.a(lib_a-findfp.o)
                0x3ffe9a4c                __sinit_recursive_mutex
                0x3ffe9a50                __sfp_recursive_mutex
 .bss           0x3ffe9a54        0x4 ./build/libc.a(lib_a-mlock.o)
                0x3ffe9a54                __malloc_recursive_mutex
 .bss           0x3ffe9a58       0x28 ./build/libc.a(lib_a-nano-mallinfor.o)
                0x3ffe9a58                __malloc_current_mallinfo
 .bss           0x3ffe9a80        0x8 ./build/libc.a(lib_a-nano-mallocr.o)
                0x3ffe9a80                __malloc_sbrk_start
                0x3ffe9a84                __malloc_free_list
 .bss           0x3ffe9a88        0x8 ./build/libc.a(lib_a-quick_exit.o)
                0x3ffe9a88                __at_quick_exit_mutex
 .bss           0x3ffe9a90        0x4 ./build/libc.a(lib_a-tzlock.o)
                0x3ffe9a90                __tz_mutex
 *fill*         0x3ffe9a94        0xc 
 .bss           0x3ffe9aa0      0x131 ./build/sdklib/libmain.a(user_interface.o)
 *fill*         0x3ffe9bd1        0x3 
 .bss           0x3ffe9bd4      0x54c ./build/sdklib/libnet80211.a(ieee80211.o)
                0x3ffe9bd4                sdk_g_ic
                0x3ffea11c                sdk_xieee80211Queue
 .bss           0x3ffea120       0x28 ./build/sdklib/libnet80211.a(ieee80211_hostap.o)
                0x3ffea140                sdk_TmpSTAAPCloseAP
                0x3ffea141                sdk_PendFreeBcnEb
 .bss           0x3ffea148       0xe4 ./build/sdklib/libnet80211.a(ieee80211_scan.o)
                0x3ffea148                sdk_gScanStruct
                0x3ffea20c                sdk_auth_type
                0x3ffea20e                sdk_scannum
 .bss           0x3ffea22c       0x44 ./build/sdklib/libnet80211.a(wl_chm.o)
 .bss           0x3ffea270      0x780 ./build/sdklib/libnet80211.a(wl_cnx.o)
                0x3ffea9d0                sdk_sta_con_timer
                0x3ffea9ec                sdk_g_cnx_probe_rc_list_cb
 .bss           0x3ffea9f0        0x4 ./build/sdklib/libphy.a(phy.o)
 *fill*         0x3ffea9f4        0xc 
 .bss           0x3ffeaa00      0x38b ./build/sdklib/libphy.a(phy_chip_v6.o)
                0x3ffeaa00                sdk_rxiq_compute_num
                0x3ffeaa04                sdk_rxdc_init_flag
                0x3ffeaa08                sdk_check_result
                0x3ffeaa0c                sdk_chip6_sleep_params
                0x3ffeabe4                sdk_chip6_phy_init_ctrl
                0x3ffeac52                sdk_phy_freq_offset
                0x3ffeac54                sdk_do_pwctrl_flag
                0x3ffeac55                sdk_pwctrl_debug
                0x3ffeac56                sdk_txbk_dpdby_flag
                0x3ffeac58                sdk_sw_scan_mode
                0x3ffeac6c                sdk_periodic_cal_dc_num
                0x3ffeac70                sdk_periodic_cal_flag
                0x3ffeac71                sdk_bbpll_cal_flag
                0x3ffeac72                sdk_deep_sleep_en
                0x3ffeac78                sdk_noise_array
                0x3ffead80                sdk_tx_pwctrl_atten_init
 *fill*         0x3ffead8b        0x1 
 .bss           0x3ffead8c        0x6 ./build/sdklib/libphy.a(phy_chip_v6_cal.o)
                0x3ffead8c                sdk_loop_pwctrl_pwdet_error_accum_high_power
                0x3ffead8e                sdk_tx_pwctrl_pk_num
                0x3ffead8f                sdk_loop_pwctrl_correct_atten_high_power
                0x3ffead90                sdk_tx_pwctrl_set_chan_flag
                0x3ffead91                sdk_rxiq_cover_fail_num
 *fill*         0x3ffead92        0x2 
 .bss           0x3ffead94        0x4 ./build/sdklib/libphy.a(phy_sleep.o)
                0x3ffead94                sdk_periodic_cal_sat
                0x3ffead95                sdk_software_slp_reject
                0x3ffead96                sdk_SDIO_slp_reject
                0x3ffead97                sdk_hardware_reject
 *fill*         0x3ffead98        0x8 
 .bss           0x3ffeada0     0x11e8 ./build/sdklib/libpp.a(esf_buf.o)
 *fill*         0x3ffebf88        0x8 
 .bss           0x3ffebf90       0x30 ./build/sdklib/libpp.a(if_hwctrl.o)
                0x3ffebf90                sdk_interface_mask
                0x3ffebfa0                sdk_if_ctrl
 .bss           0x3ffebfc0      0x150 ./build/sdklib/libpp.a(lmac.o)
                0x3ffebfc4                sdk_lmacConfMib
 .bss           0x3ffec110      0x149 ./build/sdklib/libpp.a(pm.o)
 *fill*         0x3ffec259        0x7 
 .bss           0x3ffec260      0x352 ./build/sdklib/libpp.a(pp.o)
                0x3ffec288                sdk_pend_flag_noise_check
                0x3ffec290                sdk_pend_flag_periodic_cal
                0x3ffec2b4                sdk_dbg_stop_sw_wdt
                0x3ffec2b5                sdk_dbg_stop_hw_wdt
 *fill*         0x3ffec5b2        0xe 
 .bss           0x3ffec5c0      0x100 ./build/sdklib/libpp.a(rate_control.o)
 .bss           0x3ffec6c0      0x268 ./build/sdklib/libpp.a(trc.o)
 *fill*         0x3ffec928        0x8 
 .bss           0x3ffec930     0x4721 ./build/sdklib/libpp.a(wdev.o)
                0x3ffec930                sdk_wDevCtrl
                0x3ffecad4                sdk_NMIIrqIsOn
                0x3ffecad8                sdk_WdevTimOffSet
 *fill*         0x3fff1051        0xf 
 .bss           0x3fff1060      0x27a ./build/sdklib/libwpa.a(wpa.o)
 *fill*         0x3fff12da        0x6 
 .bss           0x3fff12e0       0xb0 ./build/sdklib/libwpa.a(aes-internal-dec.o)
 .bss           0x3fff1390        0x8 ./build/sdklib/libnet80211.a(ieee80211_crypto_tkip.o)
 *(.bss.*)
 .bss.armed_timer_count
                0x3fff1398        0x1 ./build/open_esplibs_libmain.a(timers.o)
 *fill*         0x3fff1399        0x3 
 .bss.timer_list
                0x3fff139c        0x4 ./build/open_esplibs_libmain.a(timers.o)
 .bss.task_handle
                0x3fff13a0        0x4 ./build/open_esplibs_libmain.a(ets_timer.o)
 .bss.timer_list
                0x3fff13a4        0x4 ./build/open_esplibs_libmain.a(ets_timer.o)
 .bss.hostap_timer_parg
                0x3fff13a8        0x4 ./build/open_esplibs_libnet80211.a(ieee80211_hostap.o)
 .bss.hostap_timer
                0x3fff13ac       0x1c ./build/open_esplibs_libnet80211.a(ieee80211_hostap.o)
 .bss.hostap_flags
                0x3fff13c8        0x1 ./build/open_esplibs_libnet80211.a(ieee80211_hostap.o)
 *fill*         0x3fff13c9        0x3 
 .bss.pp_zeros  0x3fff13cc       0x20 ./build/open_esplibs_libpp.a(pp.o)
 .bss.uxSchedulerSuspended
                0x3fff13ec        0x4 ./build/freertos.a(tasks.o)
 .bss.xIdleTaskHandle
                0x3fff13f0        0x4 ./build/freertos.a(tasks.o)
 .bss.xNextTaskUnblockTime
                0x3fff13f4        0x4 ./build/freertos.a(tasks.o)
 .bss.uxTaskNumber
                0x3fff13f8        0x4 ./build/freertos.a(tasks.o)
 .bss.xNumOfOverflows
                0x3fff13fc        0x4 ./build/freertos.a(tasks.o)
 .bss.xYieldPending
                0x3fff1400        0x4 ./build/freertos.a(tasks.o)
 .bss.uxPendedTicks
                0x3fff1404        0x4 ./build/freertos.a(tasks.o)
 .bss.xSchedulerRunning
                0x3fff1408        0x4 ./build/freertos.a(tasks.o)
 .bss.uxTopReadyPriority
                0x3fff140c        0x4 ./build/freertos.a(tasks.o)
 .bss.xTickCount
                0x3fff1410        0x4 ./build/freertos.a(tasks.o)
 .bss.uxCurrentNumberOfTasks
                0x3fff1414        0x4 ./build/freertos.a(tasks.o)
 .bss.xSuspendedTaskList
                0x3fff1418       0x14 ./build/freertos.a(tasks.o)
 .bss.uxDeletedTasksWaitingCleanUp
                0x3fff142c        0x4 ./build/freertos.a(tasks.o)
 .bss.xTasksWaitingTermination
                0x3fff1430       0x14 ./build/freertos.a(tasks.o)
 .bss.xPendingReadyList
                0x3fff1444       0x14 ./build/freertos.a(tasks.o)
 .bss.pxOverflowDelayedTaskList
                0x3fff1458        0x4 ./build/freertos.a(tasks.o)
 .bss.pxDelayedTaskList
                0x3fff145c        0x4 ./build/freertos.a(tasks.o)
 .bss.xDelayedTaskList2
                0x3fff1460       0x14 ./build/freertos.a(tasks.o)
 .bss.xDelayedTaskList1
                0x3fff1474       0x14 ./build/freertos.a(tasks.o)
 .bss.pxReadyTasksLists
                0x3fff1488      0x12c ./build/freertos.a(tasks.o)
 .bss.pxCurrentTCB
                0x3fff15b4        0x4 ./build/freertos.a(tasks.o)
                0x3fff15b4                pxCurrentTCB
 .bss.xLastTime$3515
                0x3fff15b8        0x4 ./build/freertos.a(timers.o)
 .bss.xTimerTaskHandle
                0x3fff15bc        0x4 ./build/freertos.a(timers.o)
 .bss.xTimerQueue
                0x3fff15c0        0x4 ./build/freertos.a(timers.o)
 .bss.pxOverflowTimerList
                0x3fff15c4        0x4 ./build/freertos.a(timers.o)
 .bss.pxCurrentTimerList
                0x3fff15c8        0x4 ./build/freertos.a(timers.o)
 .bss.xActiveTimerList2
                0x3fff15cc       0x14 ./build/freertos.a(timers.o)
 .bss.xActiveTimerList1
                0x3fff15e0       0x14 ./build/freertos.a(timers.o)
 .bss.uxCriticalNesting
                0x3fff15f4        0x4 ./build/freertos.a(port.o)
 .bss.pending_maclayer_sv
                0x3fff15f8        0x4 ./build/freertos.a(port.o)
 .bss.pending_soft_sv
                0x3fff15fc        0x4 ./build/freertos.a(port.o)
 .bss.critical_nesting
                0x3fff1600        0x4 ./build/lwip.a(sys_arch.o)
 .bss.tcpip_mbox
                0x3fff1604        0x4 ./build/lwip.a(tcpip.o)
 .bss.tcpip_init_done_arg
                0x3fff1608        0x4 ./build/lwip.a(tcpip.o)
 .bss.tcpip_init_done
                0x3fff160c        0x4 ./build/lwip.a(tcpip.o)
 .bss.tcp_timer_ctr
                0x3fff1610        0x1 ./build/lwip.a(tcp.o)
 .bss.tcp_timer
                0x3fff1611        0x1 ./build/lwip.a(tcp.o)
 *fill*         0x3fff1612        0x2 
 .bss.tcpip_tcp_timer_active
                0x3fff1614        0x4 ./build/lwip.a(timeouts.o)
 .bss.current_timeout_due_time
                0x3fff1618        0x4 ./build/lwip.a(timeouts.o)
 .bss.next_timeout
                0x3fff161c        0x4 ./build/lwip.a(timeouts.o)
 .bss.dns_servers
                0x3fff1620        0x8 ./build/lwip.a(dns.o)
 .bss.dns_requests
                0x3fff1628        0xc ./build/lwip.a(dns.o)
 .bss.dns_table
                0x3fff1634       0x94 ./build/lwip.a(dns.o)
 .bss.dns_pcbs  0x3fff16c8        0x4 ./build/lwip.a(dns.o)
 .bss.recv_data
                0x3fff16cc        0x4 ./build/lwip.a(tcp_in.o)
 .bss.recv_flags
                0x3fff16d0        0x1 ./build/lwip.a(tcp_in.o)
 .bss.flags     0x3fff16d1        0x1 ./build/lwip.a(tcp_in.o)
 .bss.tcplen    0x3fff16d2        0x2 ./build/lwip.a(tcp_in.o)
 .bss.recv_acked
                0x3fff16d4        0x2 ./build/lwip.a(tcp_in.o)
 *fill*         0x3fff16d6        0x2 
 .bss.ackno     0x3fff16d8        0x4 ./build/lwip.a(tcp_in.o)
 .bss.seqno     0x3fff16dc        0x4 ./build/lwip.a(tcp_in.o)
 .bss.tcp_optidx
                0x3fff16e0        0x2 ./build/lwip.a(tcp_in.o)
 *fill*         0x3fff16e2        0x2 
 .bss.tcphdr_opt2
                0x3fff16e4        0x4 ./build/lwip.a(tcp_in.o)
 .bss.tcphdr_opt1len
                0x3fff16e8        0x2 ./build/lwip.a(tcp_in.o)
 .bss.tcphdr_optlen
                0x3fff16ea        0x2 ./build/lwip.a(tcp_in.o)
 .bss.tcphdr    0x3fff16ec        0x4 ./build/lwip.a(tcp_in.o)
 .bss.inseg     0x3fff16f0       0x10 ./build/lwip.a(tcp_in.o)
 .bss.netif_num
                0x3fff1700        0x1 ./build/lwip.a(netif.o)
 *fill*         0x3fff1701        0x1 
 .bss.ip_reass_pbufcount
                0x3fff1702        0x2 ./build/lwip.a(ip4_frag.o)
 .bss.reassdatagrams
                0x3fff1704        0x4 ./build/lwip.a(ip4_frag.o)
 .bss.xid$4550  0x3fff1708        0x4 ./build/lwip.a(dhcp.o)
 .bss.dhcp_pcb_refcount
                0x3fff170c        0x1 ./build/lwip.a(dhcp.o)
 *fill*         0x3fff170d        0x3 
 .bss.dhcp_pcb  0x3fff1710        0x4 ./build/lwip.a(dhcp.o)
 .bss.etharp_cached_entry
                0x3fff1714        0x1 ./build/lwip.a(etharp.o)
 *fill*         0x3fff1715        0x3 
 .bss.arp_table
                0x3fff1718       0xf0 ./build/lwip.a(etharp.o)
 .bss.allrouters
                0x3fff1808        0x4 ./build/lwip.a(igmp.o)
 .bss.allsystems
                0x3fff180c        0x4 ./build/lwip.a(igmp.o)
 .bss.ip4_default_multicast_netif
                0x3fff1810        0x4 ./build/lwip.a(ip4.o)
 .bss.ip_id     0x3fff1814        0x2 ./build/lwip.a(ip4.o)
 *fill*         0x3fff1816        0x2 
 .bss._sysparam_info
                0x3fff1818       0x18 ./build/core.a(sysparam.o)
 .bss.heap_end$5261
                0x3fff1830        0x4 ./build/core.a(newlib_syscalls.o)
 .bss.locks_initialized
                0x3fff1834        0x4 ./build/core.a(newlib_syscalls.o)
 .bss.user_exception_handler
                0x3fff1838        0x4 ./build/core.a(debug_dumps.o)
 .bss.led_on    0x3fff183c        0x1 ./build/program.a(main.o)
                0x3fff183c                led_on
 *fill*         0x3fff183d        0x3 
 .bss.wifi_networks
                0x3fff1840        0x4 ./build/wifi_config.a(wifi_config.o)
                0x3fff1840                wifi_networks
 .bss.context   0x3fff1844        0x4 ./build/wifi_config.a(wifi_config.o)
 .bss.current_client_context
                0x3fff1848        0x4 ./build/homekit.a(server.o)
 .bss.mdns_txt_rec
                0x3fff184c       0x80 ./build/homekit.a(port.o)
 .bss.mdns_instance_name
                0x3fff18cc       0x41 ./build/homekit.a(port.o)
 *fill*         0x3fff190d        0x3 
 .bss.network_monitor_timer
                0x3fff1910       0x1c ./build/homekit.a(mdnsresponder.o)
 .bss.announce_timer
                0x3fff192c       0x1c ./build/homekit.a(mdnsresponder.o)
 .bss.gDictP    0x3fff1948        0x4 ./build/homekit.a(mdnsresponder.o)
 .bss.gDictMutex
                0x3fff194c        0x4 ./build/homekit.a(mdnsresponder.o)
 .bss.gMDNS_pcb
                0x3fff1950        0x4 ./build/homekit.a(mdnsresponder.o)
 .bss.select_cb_list
                0x3fff1954        0x4 ./build/lwip.a(sockets.o)
 .bss.sockets   0x3fff1958       0xc0 ./build/lwip.a(sockets.o)
 .bss.ipbuf$6133
                0x3fff1a18       0x10 ./build/dhcpserver.a(dhcpserver.o)
 .bss.state     0x3fff1a28        0x4 ./build/dhcpserver.a(dhcpserver.o)
 .bss.dhcpserver_task_handle
                0x3fff1a2c        0x4 ./build/dhcpserver.a(dhcpserver.o)
 .bss.global_error
                0x3fff1a30        0x8 ./build/cjson.a(cJSON.o)
 *(.gnu.linkonce.b.*)
 *(COMMON)
 COMMON         0x3fff1a38        0x4 ./build/open_esplibs_libmain.a(misc.o)
                0x3fff1a38                sdk__putc1
 COMMON         0x3fff1a3c       0x28 ./build/open_esplibs_libmain.a(user_interface.o)
                0x3fff1a3c                sdk_cpu_overclock
                0x3fff1a40                sdk_rst_if
                0x3fff1a60                sdk_promiscuous_cb
 COMMON         0x3fff1a64        0xc ./build/freertos.a(port.o)
                0x3fff1a64                level1_int_disabled
                0x3fff1a68                cpu_sr
                0x3fff1a6c                xPortSupervisorStackPointer
 COMMON         0x3fff1a70        0xc ./build/lwip.a(sys_arch.o)
                0x3fff1a70                lwip_tcpip_thread
                0x3fff1a74                lwip_core_lock_count
                0x3fff1a78                lwip_core_lock_holder_thread
 COMMON         0x3fff1a7c        0x4 ./build/lwip.a(esp_interface.o)
                0x3fff1a7c                pp_rx_pool_usage
 COMMON         0x3fff1a80        0x4 ./build/lwip.a(tcpip.o)
                0x3fff1a80                lock_tcpip_core
 COMMON         0x3fff1a84       0x18 ./build/lwip.a(tcp.o)
                0x3fff1a84                tcp_active_pcbs_changed
                0x3fff1a88                tcp_active_pcbs
                0x3fff1a8c                tcp_ticks
                0x3fff1a90                tcp_listen_pcbs
                0x3fff1a94                tcp_bound_pcbs
                0x3fff1a98                tcp_tw_pcbs
 COMMON         0x3fff1a9c        0x4 ./build/lwip.a(tcp_in.o)
                0x3fff1a9c                tcp_input_pcb
 COMMON         0x3fff1aa0        0x1 ./build/lwip.a(pbuf.o)
                0x3fff1aa0                pbuf_free_ooseq_pending
 *fill*         0x3fff1aa1        0x3 
 COMMON         0x3fff1aa4        0x8 ./build/lwip.a(netif.o)
                0x3fff1aa4                netif_list
                0x3fff1aa8                netif_default
 COMMON         0x3fff1aac        0x4 ./build/lwip.a(udp.o)
                0x3fff1aac                udp_pcbs
 COMMON         0x3fff1ab0       0x34 ./build/lwip.a(dhcp.o)
                0x3fff1ab0                dhcp_rx_options_given
                0x3fff1abc                dhcp_rx_options_val
 COMMON         0x3fff1ae4       0x18 ./build/lwip.a(ip.o)
                0x3fff1ae4                ip_data
 COMMON         0x3fff1afc       0x81 ./build/core.a(esp_interrupts.o)
                0x3fff1afc                isr
                0x3fff1b7c                esp_in_isr
 *fill*         0x3fff1b7d        0x3 
 COMMON         0x3fff1b80       0x2d ./build/core.a(app_main.o)
                0x3fff1b80                sdk_info
                0x3fff1ba4                sdk_xWatchDogTaskHandle
                0x3fff1ba8                sdk_xUserTaskHandle
                0x3fff1bac                sdk_user_init_flag
 *fill*         0x3fff1bad        0x3 
 COMMON         0x3fff1bb0      0x138 ./build/libc.a(lib_a-findfp.o)
                0x3fff1bb0                __sf
 COMMON         0x3fff1ce8        0x4 ./build/wifi_config.a(wifi_config.o)
                0x3fff1ce8                wifi_networks_mutex
 COMMON         0x3fff1cec       0x90 ./build/lwip.a(sockets.o)
                0x3fff1cec                socket_ipv4_multicast_memberships
                0x3fff1d80                . = ALIGN (0x8)
 *fill*         0x3fff1d7c        0x4 
                0x3fff1d80                _bss_end = ABSOLUTE (.)
                0x3fff1d80                _heap_start = ABSOLUTE (.)

.irom0.text     0x40202010    0x64a5c
                0x40202010                _irom0_text_start = ABSOLUTE (.)
 *(.literal .text .literal.* .text.* .rodata .rodata.*)
 .text.timer_tramp
                0x40202010       0x17 ./build/open_esplibs_libmain.a(timers.o)
                                 0x1f (size before relaxing)
 *fill*         0x40202027        0x1 
 .text.sdk_os_timer_setfn
                0x40202028       0xac ./build/open_esplibs_libmain.a(timers.o)
                                 0xb8 (size before relaxing)
                0x40202038                sdk_os_timer_setfn
 .text.sdk_os_timer_arm
                0x402020d4       0xac ./build/open_esplibs_libmain.a(timers.o)
                                 0xd4 (size before relaxing)
                0x402020e0                sdk_os_timer_arm
 .text.sdk_os_timer_disarm
                0x40202180       0x27 ./build/open_esplibs_libmain.a(timers.o)
                                 0x37 (size before relaxing)
                0x40202184                sdk_os_timer_disarm
 *fill*         0x402021a7        0x1 
 .text.add_pending_timer
                0x402021a8       0x9c ./build/open_esplibs_libmain.a(ets_timer.o)
 .text.timer_task
                0x40202244       0xb9 ./build/open_esplibs_libmain.a(ets_timer.o)
                                 0xd5 (size before relaxing)
 *fill*         0x402022fd        0x3 
 .text.sdk_ets_timer_arm_ms_us
                0x40202300       0x69 ./build/open_esplibs_libmain.a(ets_timer.o)
                                 0x7d (size before relaxing)
                0x40202308                sdk_ets_timer_arm_ms_us
 *fill*         0x40202369        0x3 
 .text.sdk_ets_timer_arm
                0x4020236c       0x17 ./build/open_esplibs_libmain.a(ets_timer.o)
                                 0x1b (size before relaxing)
                0x4020236c                sdk_ets_timer_arm
 *fill*         0x40202383        0x1 
 .text.sdk_ets_timer_disarm
                0x40202384       0x51 ./build/open_esplibs_libmain.a(ets_timer.o)
                                 0x5d (size before relaxing)
                0x40202384                sdk_ets_timer_disarm
 *fill*         0x402023d5        0x3 
 .text.sdk_ets_timer_init
                0x402023d8       0xa8 ./build/open_esplibs_libmain.a(ets_timer.o)
                                 0xb8 (size before relaxing)
                0x402023f4                sdk_ets_timer_init
 .text.sdk_os_update_cpu_frequency
                0x40202480        0xb ./build/open_esplibs_libmain.a(misc.o)
                0x40202484                sdk_os_update_cpu_frequency
                0x40202484                sdk_ets_update_cpu_frequency
 *fill*         0x4020248b        0x1 
 .text.sdk_os_delay_us
                0x4020248c       0x19 ./build/open_esplibs_libmain.a(misc.o)
                                 0x1d (size before relaxing)
                0x4020248c                sdk_os_delay_us
                0x4020248c                sdk_ets_delay_us
 *fill*         0x402024a5        0x3 
 .text.sdk_os_install_putc1
                0x402024a8        0xb ./build/open_esplibs_libmain.a(misc.o)
                0x402024ac                sdk_os_install_putc1
 *fill*         0x402024b3        0x1 
 .text.sdk_gpio_output_set
                0x402024b4       0x1d ./build/open_esplibs_libmain.a(misc.o)
                0x402024b8                sdk_gpio_output_set
 *fill*         0x402024d1        0x3 
 .text.sdk_rtc_get_reset_reason
                0x402024d4       0x4a ./build/open_esplibs_libmain.a(misc.o)
                0x402024dc                sdk_rtc_get_reset_reason
 *fill*         0x4020251e        0x2 
 .text._check_boot_version
                0x40202520       0x3a ./build/open_esplibs_libmain.a(user_interface.o)
                                 0x3e (size before relaxing)
 *fill*         0x4020255a        0x2 
 .text.wifi_save_protect
                0x4020255c       0x9b ./build/open_esplibs_libmain.a(user_interface.o)
                                 0x9f (size before relaxing)
 *fill*         0x402025f7        0x1 
 .text.sdk_system_pp_recycle_rx_pkt
                0x402025f8        0xf ./build/open_esplibs_libmain.a(user_interface.o)
                                 0x17 (size before relaxing)
                0x402025f8                sdk_system_pp_recycle_rx_pkt
 *fill*         0x40202607        0x1 
 .text.sdk_system_restart
                0x40202608       0x53 ./build/open_esplibs_libmain.a(user_interface.o)
                                 0x7b (size before relaxing)
                0x40202614                sdk_system_restart
 *fill*         0x4020265b        0x1 
 .text.sdk_system_get_boot_version
                0x4020265c        0xe ./build/open_esplibs_libmain.a(user_interface.o)
                                 0x12 (size before relaxing)
                0x4020265c                sdk_system_get_boot_version
 *fill*         0x4020266a        0x2 
 .text.sdk_system_get_test_result
                0x4020266c       0x22 ./build/open_esplibs_libmain.a(user_interface.o)
                                 0x2e (size before relaxing)
                0x4020266c                sdk_system_get_test_result
 *fill*         0x4020268e        0x2 
 .text.sdk_system_upgrade_userbin_check
                0x40202690       0x40 ./build/open_esplibs_libmain.a(user_interface.o)
                                 0x44 (size before relaxing)
                0x40202690                sdk_system_upgrade_userbin_check
 .text.sdk_system_get_userbin_addr
                0x402026d0       0x92 ./build/open_esplibs_libmain.a(user_interface.o)
                                 0x9e (size before relaxing)
                0x402026dc                sdk_system_get_userbin_addr
 *fill*         0x40202762        0x2 
 .text.sdk_system_update_cpu_freq
                0x40202764       0x5d ./build/open_esplibs_libmain.a(user_interface.o)
                                 0x69 (size before relaxing)
                0x40202764                sdk_system_update_cpu_freq
 *fill*         0x402027c1        0x3 
 .text.sdk_system_get_cpu_freq
                0x402027c4       0x1a ./build/open_esplibs_libmain.a(user_interface.o)
                0x402027c8                sdk_system_get_cpu_freq
 *fill*         0x402027de        0x2 
 .text.sdk_system_overclock
                0x402027e0       0x31 ./build/open_esplibs_libmain.a(user_interface.o)
                                 0x3d (size before relaxing)
                0x402027e4                sdk_system_overclock
 *fill*         0x40202811        0x3 
 .text.sdk_system_restoreclock
                0x40202814       0x33 ./build/open_esplibs_libmain.a(user_interface.o)
                                 0x43 (size before relaxing)
                0x40202814                sdk_system_restoreclock
 *fill*         0x40202847        0x1 
 .text.sdk_system_station_got_ip_set
                0x40202848       0x8d ./build/open_esplibs_libmain.a(user_interface.o)
                                 0xa9 (size before relaxing)
                0x40202850                sdk_system_station_got_ip_set
 *fill*         0x402028d5        0x3 
 .text.sdk_system_get_netif
                0x402028d8       0x18 ./build/open_esplibs_libmain.a(user_interface.o)
                                 0x1c (size before relaxing)
                0x402028d8                sdk_system_get_netif
 .text.sdk_wifi_param_save_protect
                0x402028f0       0xa4 ./build/open_esplibs_libmain.a(user_interface.o)
                                 0xc0 (size before relaxing)
                0x402028f8                sdk_wifi_param_save_protect
 .text.sdk_wifi_station_get_connect_status
                0x40202994       0x21 ./build/open_esplibs_libmain.a(user_interface.o)
                                 0x2d (size before relaxing)
                0x40202994                sdk_wifi_station_get_connect_status
 *fill*         0x402029b5        0x3 
 .text.sdk_wifi_set_ip_info
                0x402029b8       0x93 ./build/open_esplibs_libmain.a(user_interface.o)
                                 0xaf (size before relaxing)
                0x402029c4                sdk_wifi_set_ip_info
 *fill*         0x40202a4b        0x1 
 .text.sdk_wifi_get_macaddr
                0x40202a4c       0x63 ./build/open_esplibs_libmain.a(user_interface.o)
                                 0x73 (size before relaxing)
                0x40202a50                sdk_wifi_get_macaddr
 *fill*         0x40202aaf        0x1 
 .text.sdk_ieee80211_hostap_attach
                0x40202ab0      0x199 ./build/open_esplibs_libnet80211.a(ieee80211_hostap.o)
                                0x1fd (size before relaxing)
                0x40202ad0                sdk_ieee80211_hostap_attach
 *fill*         0x40202c49        0x3 
 .text.sdk_wifi_softap_start
                0x40202c4c      0x168 ./build/open_esplibs_libnet80211.a(ieee80211_hostap.o)
                                0x1c8 (size before relaxing)
                0x40202c6c                sdk_wifi_softap_start
 .text.sdk_wifi_softap_stop
                0x40202db4      0x13d ./build/open_esplibs_libnet80211.a(ieee80211_hostap.o)
                                0x1b9 (size before relaxing)
                0x40202db8                sdk_wifi_softap_stop
 *fill*         0x40202ef1        0x3 
 .text.dhcp_if_down
                0x40202ef4       0x23 ./build/open_esplibs_libnet80211.a(wl_cnx.o)
                                 0x3f (size before relaxing)
                0x40202ef4                dhcp_if_down
 *fill*         0x40202f17        0x1 
 .text.sdk_cnx_rc_search
                0x40202f18       0x5e ./build/open_esplibs_libnet80211.a(wl_cnx.o)
                                 0x66 (size before relaxing)
                0x40202f18                sdk_cnx_rc_search
 *fill*         0x40202f76        0x2 
 .text.sdk_cnx_add_rc
                0x40202f78       0x7c ./build/open_esplibs_libnet80211.a(wl_cnx.o)
                                 0x80 (size before relaxing)
                0x40202f78                sdk_cnx_add_rc
 .text.sdk_cnx_remove_rc
                0x40202ff4       0x9b ./build/open_esplibs_libnet80211.a(wl_cnx.o)
                                 0x9f (size before relaxing)
                0x40202ff8                sdk_cnx_remove_rc
 *fill*         0x4020308f        0x1 
 .text.sdk_cnx_node_remove
                0x40203090       0x7c ./build/open_esplibs_libnet80211.a(wl_cnx.o)
                                 0x98 (size before relaxing)
                0x40203090                sdk_cnx_node_remove
 .text.sdk_cnx_node_search
                0x4020310c       0x66 ./build/open_esplibs_libnet80211.a(wl_cnx.o)
                                 0x6e (size before relaxing)
                0x4020310c                sdk_cnx_node_search
 *fill*         0x40203172        0x2 
 .text.sdk_sta_status_set
                0x40203174       0x42 ./build/open_esplibs_libnet80211.a(ieee80211_sta.o)
                                 0x46 (size before relaxing)
                0x40203174                sdk_sta_status_set
 *fill*         0x402031b6        0x2 
 .text.sdk_wifi_station_start
                0x402031b8       0xa7 ./build/open_esplibs_libnet80211.a(ieee80211_sta.o)
                                 0xdf (size before relaxing)
                0x402031c8                sdk_wifi_station_start
 *fill*         0x4020325f        0x1 
 .text.sdk_wifi_station_stop
                0x40203260       0x4b ./build/open_esplibs_libnet80211.a(ieee80211_sta.o)
                                 0x5b (size before relaxing)
                0x40203260                sdk_wifi_station_stop
 *fill*         0x402032ab        0x1 
 .text._ppz20   0x402032ac        0x9 ./build/open_esplibs_libpp.a(pp.o)
                0x402032b0                _ppz20
 *fill*         0x402032b5        0x3 
 .text.sdk_wpa_config_assoc_ie
                0x402032b8       0x17 ./build/open_esplibs_libwpa.a(wpa_main.o)
                                 0x1b (size before relaxing)
                0x402032b8                sdk_wpa_config_assoc_ie
 *fill*         0x402032cf        0x1 
 .text.sdk_dhcp_bind_check
                0x402032d0       0x22 ./build/open_esplibs_libwpa.a(wpa_main.o)
                                 0x26 (size before relaxing)
                0x402032d0                sdk_dhcp_bind_check
 *fill*         0x402032f2        0x2 
 .text.wpa_callback2
                0x402032f4       0x33 ./build/open_esplibs_libwpa.a(wpa_main.o)
                                 0x47 (size before relaxing)
 *fill*         0x40203327        0x1 
 .text.wpa_callback1
                0x40203328       0x1b ./build/open_esplibs_libwpa.a(wpa_main.o)
                                 0x23 (size before relaxing)
 *fill*         0x40203343        0x1 
 .text.sdk_wpa_config_profile
                0x40203344       0x49 ./build/open_esplibs_libwpa.a(wpa_main.o)
                                 0x58 (size before relaxing)
                0x40203344                sdk_wpa_config_profile
 *fill*         0x4020338d        0x3 
 .text.sdk_wpa_config_bss
                0x40203390       0x2f ./build/open_esplibs_libwpa.a(wpa_main.o)
                                 0x37 (size before relaxing)
                0x40203390                sdk_wpa_config_bss
 *fill*         0x402033bf        0x1 
 .text.sdk_eagle_auth_done
                0x402033c0      0x105 ./build/open_esplibs_libwpa.a(wpa_main.o)
                                0x18c (size before relaxing)
                0x402033e0                sdk_eagle_auth_done
 *fill*         0x402034c5        0x3 
 .text.sdk_wpa_neg_complete
                0x402034c8        0xf ./build/open_esplibs_libwpa.a(wpa_main.o)
                                 0x17 (size before relaxing)
                0x402034c8                sdk_wpa_neg_complete
 *fill*         0x402034d7        0x1 
 .text.sdk_wpa_attach
                0x402034d8       0x4f ./build/open_esplibs_libwpa.a(wpa_main.o)
                                 0x5f (size before relaxing)
                0x402034f0                sdk_wpa_attach
 *fill*         0x40203527        0x1 
 .text.prvResetNextTaskUnblockTime$part$0
                0x40203528       0x20 ./build/freertos.a(tasks.o)
 .text.prvAddCurrentTaskToDelayedList
                0x40203548       0xa4 ./build/freertos.a(tasks.o)
                                 0xc4 (size before relaxing)
 .text.prvIdleTask
                0x402035ec       0x97 ./build/freertos.a(tasks.o)
                                 0xb3 (size before relaxing)
 *fill*         0x40203683        0x1 
 .text.xTaskCreate
                0x40203684      0x23f ./build/freertos.a(tasks.o)
                                0x2bf (size before relaxing)
                0x402036ac                xTaskCreate
 *fill*         0x402038c3        0x1 
 .text.vTaskDelete
                0x402038c4       0xf1 ./build/freertos.a(tasks.o)
                                0x145 (size before relaxing)
                0x402038cc                vTaskDelete
 *fill*         0x402039b5        0x3 
 .text.vTaskStartScheduler
                0x402039b8       0xa4 ./build/freertos.a(tasks.o)
                                 0xd7 (size before relaxing)
                0x402039d4                vTaskStartScheduler
 *fill*         0x40203a5c        0x0 
 .text.vTaskSuspendAll
                0x40203a5c       0x11 ./build/freertos.a(tasks.o)
                                 0x15 (size before relaxing)
                0x40203a5c                vTaskSuspendAll
 *fill*         0x40203a6d        0x3 
 .text.xTaskGetTickCount
                0x40203a70       0x27 ./build/freertos.a(tasks.o)
                                 0x33 (size before relaxing)
                0x40203a70                xTaskGetTickCount
 *fill*         0x40203a97        0x1 
 .text.xTaskIncrementTick
                0x40203a98      0x1ac ./build/freertos.a(tasks.o)
                                0x1e8 (size before relaxing)
                0x40203aa8                xTaskIncrementTick
 .text.xTaskResumeAll
                0x40203c44      0x121 ./build/freertos.a(tasks.o)
                                0x185 (size before relaxing)
                0x40203c48                xTaskResumeAll
 *fill*         0x40203d65        0x3 
 .text.vTaskDelay
                0x40203d68       0x50 ./build/freertos.a(tasks.o)
                                 0x74 (size before relaxing)
                0x40203d68                vTaskDelay
 .text.vTaskSwitchContext
                0x40203db8       0xea ./build/freertos.a(tasks.o)
                                0x10a (size before relaxing)
                0x40203dc4                vTaskSwitchContext
 *fill*         0x40203ea2        0x2 
 .text.vTaskPlaceOnEventList
                0x40203ea4       0x41 ./build/freertos.a(tasks.o)
                                 0x5d (size before relaxing)
                0x40203ea8                vTaskPlaceOnEventList
 *fill*         0x40203ee5        0x3 
 .text.vTaskPlaceOnEventListRestricted
                0x40203ee8       0x4a ./build/freertos.a(tasks.o)
                                 0x66 (size before relaxing)
                0x40203eec                vTaskPlaceOnEventListRestricted
 *fill*         0x40203f32        0x2 
 .text.xTaskRemoveFromEventList
                0x40203f34       0x87 ./build/freertos.a(tasks.o)
                                 0xcb (size before relaxing)
                0x40203f38                xTaskRemoveFromEventList
 *fill*         0x40203fbb        0x1 
 .text.vTaskInternalSetTimeOutState
                0x40203fbc       0x16 ./build/freertos.a(tasks.o)
                                 0x1e (size before relaxing)
                0x40203fbc                vTaskInternalSetTimeOutState
 *fill*         0x40203fd2        0x2 
 .text.xTaskCheckForTimeOut
                0x40203fd4       0x99 ./build/freertos.a(tasks.o)
                                 0xb9 (size before relaxing)
                0x40203fdc                xTaskCheckForTimeOut
 *fill*         0x4020406d        0x3 
 .text.vTaskMissedYield
                0x40204070        0xc ./build/freertos.a(tasks.o)
                                 0x10 (size before relaxing)
                0x40204070                vTaskMissedYield
 .text.uxTaskGetStackHighWaterMark
                0x4020407c       0x2c ./build/freertos.a(tasks.o)
                                 0x30 (size before relaxing)
                0x4020407c                uxTaskGetStackHighWaterMark
 .text.xTaskGetCurrentTaskHandle
                0x402040a8        0xa ./build/freertos.a(tasks.o)
                                  0xe (size before relaxing)
                0x402040a8                xTaskGetCurrentTaskHandle
 *fill*         0x402040b2        0x2 
 .text.xTaskGetSchedulerState
                0x402040b4       0x1e ./build/freertos.a(tasks.o)
                                 0x26 (size before relaxing)
                0x402040b4                xTaskGetSchedulerState
 *fill*         0x402040d2        0x2 
 .text.xTaskPriorityInherit
                0x402040d4       0xa4 ./build/freertos.a(tasks.o)
                                 0xbc (size before relaxing)
                0x402040d4                xTaskPriorityInherit
 .text.xTaskPriorityDisinherit
                0x40204178       0x92 ./build/freertos.a(tasks.o)
                                 0xbe (size before relaxing)
                0x40204180                xTaskPriorityDisinherit
 *fill*         0x4020420a        0x2 
 .text.vTaskPriorityDisinheritAfterTimeout
                0x4020420c       0xa3 ./build/freertos.a(tasks.o)
                                 0xcf (size before relaxing)
                0x40204214                vTaskPriorityDisinheritAfterTimeout
 *fill*         0x402042af        0x1 
 .text.pvTaskIncrementMutexHeldCount
                0x402042b0       0x1f ./build/freertos.a(tasks.o)
                                 0x23 (size before relaxing)
                0x402042b0                pvTaskIncrementMutexHeldCount
 *fill*         0x402042cf        0x1 
 .text.xTaskNotifyWait
                0x402042d0       0xdf ./build/freertos.a(tasks.o)
                                 0xff (size before relaxing)
                0x402042d0                xTaskNotifyWait
 *fill*         0x402043af        0x1 
 .text.xTaskGenericNotify
                0x402043b0      0x113 ./build/freertos.a(tasks.o)
                                0x14f (size before relaxing)
                0x402043c0                xTaskGenericNotify
 *fill*         0x402044c3        0x1 
 .text.xTaskGenericNotifyFromISR
                0x402044c4      0x14f ./build/freertos.a(tasks.o)
                                0x197 (size before relaxing)
                0x402044d8                xTaskGenericNotifyFromISR
 *fill*         0x40204613        0x1 
 .text.prvCheckForValidListAndQueue
                0x40204614       0x69 ./build/freertos.a(timers.o)
                                 0x89 (size before relaxing)
 *fill*         0x4020467d        0x3 
 .text.prvInsertTimerInActiveList
                0x40204680       0x45 ./build/freertos.a(timers.o)
                                 0x59 (size before relaxing)
 *fill*         0x402046c5        0x3 
 .text.xTimerCreateTimerTask
                0x402046c8       0x49 ./build/freertos.a(timers.o)
                                 0x61 (size before relaxing)
                0x402046d8                xTimerCreateTimerTask
 *fill*         0x40204711        0x3 
 .text.xTimerCreate
                0x40204714       0x69 ./build/freertos.a(timers.o)
                                 0x85 (size before relaxing)
                0x40204714                xTimerCreate
 *fill*         0x4020477d        0x3 
 .text.xTimerGenericCommand
                0x40204780       0x7f ./build/freertos.a(timers.o)
                                 0x9f (size before relaxing)
                0x40204780                xTimerGenericCommand
 *fill*         0x402047ff        0x1 
 .text.prvSwitchTimerLists
                0x40204800       0x84 ./build/freertos.a(timers.o)
                                 0xaa (size before relaxing)
 *fill*         0x40204884        0x0 
 .text.prvTimerTask
                0x40204884      0x1e8 ./build/freertos.a(timers.o)
                                0x280 (size before relaxing)
 .text.pvTimerGetTimerID
                0x40204a6c       0x2d ./build/freertos.a(timers.o)
                                 0x41 (size before relaxing)
                0x40204a6c                pvTimerGetTimerID
 *fill*         0x40204a99        0x3 
 .text.vAssertCalled
                0x40204a9c       0x22 ./build/freertos.a(port.o)
                                 0x26 (size before relaxing)
                0x40204aa4                vAssertCalled
 *fill*         0x40204abe        0x2 
 .text.pxPortInitialiseStack
                0x40204ac0       0x37 ./build/freertos.a(port.o)
                0x40204ac4                pxPortInitialiseStack
 *fill*         0x40204af7        0x1 
 .text.xPortSysTickHandle
                0x40204af8       0x14 ./build/freertos.a(port.o)
                                 0x23 (size before relaxing)
                0x40204af8                xPortSysTickHandle
 *fill*         0x40204b0c        0x0 
 .text.xPortStartScheduler
                0x40204b0c       0x7e ./build/freertos.a(port.o)
                                 0x8e (size before relaxing)
                0x40204b20                xPortStartScheduler
 *fill*         0x40204b8a        0x2 
 .text.xPortGetFreeHeapSize
                0x40204b8c       0x28 ./build/freertos.a(port.o)
                                 0x38 (size before relaxing)
                0x40204b8c                xPortGetFreeHeapSize
 .text.xTaskGenericCreate
                0x40204bb4       0x15 ./build/freertos.a(port.o)
                                 0x19 (size before relaxing)
                0x40204bb4                xTaskGenericCreate
 *fill*         0x40204bc9        0x3 
 .text.xQueueGenericReceive
                0x40204bcc       0x1e ./build/freertos.a(port.o)
                                 0x2d (size before relaxing)
                0x40204bd0                xQueueGenericReceive
 *fill*         0x40204bea        0x2 
 .text.prvCopyDataToQueue
                0x40204bec       0xa7 ./build/freertos.a(queue.o)
                                 0xb3 (size before relaxing)
 *fill*         0x40204c93        0x1 
 .text.prvCopyDataFromQueue
                0x40204c94       0x2b ./build/freertos.a(queue.o)
                                 0x2f (size before relaxing)
 *fill*         0x40204cbf        0x1 
 .text.prvUnlockQueue
                0x40204cc0       0xc4 ./build/freertos.a(queue.o)
                                 0xec (size before relaxing)
 .text.xQueueGenericReset
                0x40204d84       0x91 ./build/freertos.a(queue.o)
                                 0xb5 (size before relaxing)
                0x40204d88                xQueueGenericReset
 *fill*         0x40204e15        0x3 
 .text.xQueueGenericCreate
                0x40204e18       0x6c ./build/freertos.a(queue.o)
                                 0x80 (size before relaxing)
                0x40204e18                xQueueGenericCreate
 .text.xQueueGenericSend
                0x40204e84      0x183 ./build/freertos.a(queue.o)
                                0x21f (size before relaxing)
                0x40204e84                xQueueGenericSend
 *fill*         0x40205007        0x1 
 .text.xQueueCreateMutex
                0x40205008       0x31 ./build/freertos.a(queue.o)
                                 0x3d (size before relaxing)
                0x40205008                xQueueCreateMutex
 *fill*         0x40205039        0x3 
 .text.xQueueGiveMutexRecursive
                0x4020503c       0x4b ./build/freertos.a(queue.o)
                                 0x5f (size before relaxing)
                0x4020503c                xQueueGiveMutexRecursive
 *fill*         0x40205087        0x1 
 .text.xQueueGenericSendFromISR
                0x40205088       0xc3 ./build/freertos.a(queue.o)
                                 0xf3 (size before relaxing)
                0x40205088                xQueueGenericSendFromISR
 *fill*         0x4020514b        0x1 
 .text.xQueueReceive
                0x4020514c      0x179 ./build/freertos.a(queue.o)
                                0x215 (size before relaxing)
                0x4020514c                xQueueReceive
 *fill*         0x402052c5        0x3 
 .text.xQueueSemaphoreTake
                0x402052c8      0x1d4 ./build/freertos.a(queue.o)
                                0x28c (size before relaxing)
                0x402052c8                xQueueSemaphoreTake
 .text.xQueueTakeMutexRecursive
                0x4020549c       0x53 ./build/freertos.a(queue.o)
                                 0x63 (size before relaxing)
                0x4020549c                xQueueTakeMutexRecursive
 *fill*         0x402054ef        0x1 
 .text.uxQueueMessagesWaiting
                0x402054f0       0x30 ./build/freertos.a(queue.o)
                                 0x44 (size before relaxing)
                0x402054f0                uxQueueMessagesWaiting
 .text.uxQueueMessagesWaitingFromISR
                0x40205520       0x26 ./build/freertos.a(queue.o)
                                 0x2e (size before relaxing)
                0x40205520                uxQueueMessagesWaitingFromISR
 *fill*         0x40205546        0x2 
 .text.vQueueDelete
                0x40205548       0x29 ./build/freertos.a(queue.o)
                                 0x35 (size before relaxing)
                0x40205548                vQueueDelete
 *fill*         0x40205571        0x3 
 .text.vQueueWaitForMessageRestricted
                0x40205574       0x6f ./build/freertos.a(queue.o)
                                 0x7f (size before relaxing)
                0x40205574                vQueueWaitForMessageRestricted
 *fill*         0x402055e3        0x1 
 .text.sys_sem_new
                0x402055e4       0x41 ./build/lwip.a(sys_arch.o)
                                 0x4d (size before relaxing)
                0x402055e4                sys_sem_new
 *fill*         0x40205625        0x3 
 .text.sys_sem_free
                0x40205628       0x1e ./build/lwip.a(sys_arch.o)
                                 0x22 (size before relaxing)
                0x40205628                sys_sem_free
 *fill*         0x40205646        0x2 
 .text.sys_sem_signal
                0x40205648       0x17 ./build/lwip.a(sys_arch.o)
                                 0x1f (size before relaxing)
                0x40205648                sys_sem_signal
 *fill*         0x4020565f        0x1 
 .text.sys_arch_sem_wait
                0x40205660       0x4c ./build/lwip.a(sys_arch.o)
                                 0x58 (size before relaxing)
                0x40205660                sys_arch_sem_wait
 .text.sys_mutex_new
                0x402056ac       0x2b ./build/lwip.a(sys_arch.o)
                                 0x2f (size before relaxing)
                0x402056ac                sys_mutex_new
 *fill*         0x402056d7        0x1 
 .text.sys_mbox_new
                0x402056d8       0x2f ./build/lwip.a(sys_arch.o)
                                 0x33 (size before relaxing)
                0x402056d8                sys_mbox_new
 *fill*         0x40205707        0x1 
 .text.sys_mbox_free
                0x40205708       0x31 ./build/lwip.a(sys_arch.o)
                                 0x41 (size before relaxing)
                0x4020570c                sys_mbox_free
 *fill*         0x40205739        0x3 
 .text.sys_mbox_trypost
                0x4020573c       0x2b ./build/lwip.a(sys_arch.o)
                                 0x2f (size before relaxing)
                0x4020573c                sys_mbox_trypost
 *fill*         0x40205767        0x1 
 .text.sys_arch_mbox_fetch
                0x40205768       0x4c ./build/lwip.a(sys_arch.o)
                                 0x60 (size before relaxing)
                0x40205768                sys_arch_mbox_fetch
 .text.sys_arch_mbox_tryfetch
                0x402057b4       0x2f ./build/lwip.a(sys_arch.o)
                                 0x33 (size before relaxing)
                0x402057b4                sys_arch_mbox_tryfetch
 *fill*         0x402057e3        0x1 
 .text.sys_now  0x402057e4       0x15 ./build/lwip.a(sys_arch.o)
                                 0x1d (size before relaxing)
                0x402057e4                sys_now
 *fill*         0x402057f9        0x3 
 .text.sys_thread_new
                0x402057fc       0x2a ./build/lwip.a(sys_arch.o)
                                 0x2e (size before relaxing)
                0x402057fc                sys_thread_new
 *fill*         0x40205826        0x2 
 .text.sys_arch_protect
                0x40205828       0x20 ./build/lwip.a(sys_arch.o)
                                 0x24 (size before relaxing)
                0x4020582c                sys_arch_protect
 .text.sys_arch_unprotect
                0x40205848       0x2d ./build/lwip.a(sys_arch.o)
                                 0x39 (size before relaxing)
                0x4020584c                sys_arch_unprotect
 *fill*         0x40205875        0x3 
 .text.sys_lock_tcpip_core
                0x40205878       0x43 ./build/lwip.a(sys_arch.o)
                                 0x4f (size before relaxing)
                0x40205884                sys_lock_tcpip_core
 *fill*         0x402058bb        0x1 
 .text.sys_unlock_tcpip_core
                0x402058bc       0x2b ./build/lwip.a(sys_arch.o)
                                 0x3f (size before relaxing)
                0x402058bc                sys_unlock_tcpip_core
 *fill*         0x402058e7        0x1 
 .text.sys_mark_tcpip_thread
                0x402058e8       0x18 ./build/lwip.a(sys_arch.o)
                                 0x20 (size before relaxing)
                0x402058ec                sys_mark_tcpip_thread
 .text.sys_check_core_locking
                0x40205900       0x31 ./build/lwip.a(sys_arch.o)
                                 0x4c (size before relaxing)
                0x40205904                sys_check_core_locking
 *fill*         0x40205931        0x3 
 .text.low_level_output
                0x40205934       0x5e ./build/lwip.a(esp_interface.o)
                                 0x7a (size before relaxing)
 *fill*         0x40205992        0x2 
 .text.pp_recycle_rx_pbuf
                0x40205994       0x38 ./build/lwip.a(esp_interface.o)
                                 0x44 (size before relaxing)
                0x40205998                pp_recycle_rx_pbuf
 .text.ooseq_bytes_limit
                0x402059cc        0x9 ./build/lwip.a(esp_interface.o)
                0x402059d0                ooseq_bytes_limit
 *fill*         0x402059d5        0x3 
 .text.ooseq_pbufs_limit
                0x402059d8       0x41 ./build/lwip.a(esp_interface.o)
                                 0x49 (size before relaxing)
                0x402059d8                ooseq_pbufs_limit
 *fill*         0x40205a19        0x3 
 .text.ethernetif_input
                0x40205a1c       0x87 ./build/lwip.a(esp_interface.o)
                                 0x9e (size before relaxing)
                0x40205a28                ethernetif_input
 *fill*         0x40205aa3        0x1 
 .text.sdk_pbuf_alloc
                0x40205aa4       0x33 ./build/lwip.a(esp_interface.o)
                                 0x3b (size before relaxing)
                0x40205aa4                sdk_pbuf_alloc
 *fill*         0x40205ad7        0x1 
 .text.ethernetif_init
                0x40205ad8       0x34 ./build/lwip.a(esp_interface.o)
                0x40205ae0                ethernetif_init
 .text.tcpip_thread
                0x40205b0c       0xb7 ./build/lwip.a(tcpip.o)
                                0x10b (size before relaxing)
 *fill*         0x40205bc3        0x1 
 .text.tcpip_inpkt
                0x40205bc4       0x5b ./build/lwip.a(tcpip.o)
                                 0x77 (size before relaxing)
                0x40205bc4                tcpip_inpkt
 *fill*         0x40205c1f        0x1 
 .text.tcpip_input
                0x40205c20       0x34 ./build/lwip.a(tcpip.o)
                                 0x43 (size before relaxing)
                0x40205c28                tcpip_input
 *fill*         0x40205c54        0x0 
 .text.tcpip_try_callback
                0x40205c54       0x51 ./build/lwip.a(tcpip.o)
                                 0x6d (size before relaxing)
                0x40205c54                tcpip_try_callback
 *fill*         0x40205ca5        0x3 
 .text.tcpip_send_msg_wait_sem
                0x40205ca8       0x25 ./build/lwip.a(tcpip.o)
                                 0x35 (size before relaxing)
                0x40205ca8                tcpip_send_msg_wait_sem
 *fill*         0x40205ccd        0x3 
 .text.tcpip_init
                0x40205cd0       0x4c ./build/lwip.a(tcpip.o)
                                 0x78 (size before relaxing)
                0x40205cd8                tcpip_init
 .text.mem_malloc
                0x40205d1c       0x25 ./build/lwip.a(mem.o)
                                 0x35 (size before relaxing)
                0x40205d1c                mem_malloc
 *fill*         0x40205d41        0x3 
 .text.mem_free
                0x40205d44       0x13 ./build/lwip.a(mem.o)
                                 0x17 (size before relaxing)
                0x40205d44                mem_free
 *fill*         0x40205d57        0x1 
 .text.lwip_init
                0x40205d58       0x27 ./build/lwip.a(init.o)
                                 0x67 (size before relaxing)
                0x40205d58                lwip_init
 *fill*         0x40205d7f        0x1 
 .text.do_memp_malloc_pool
                0x40205d80       0x29 ./build/lwip.a(memp.o)
                                 0x3d (size before relaxing)
 *fill*         0x40205da9        0x3 
 .text.memp_malloc
                0x40205dac       0x27 ./build/lwip.a(memp.o)
                                 0x2b (size before relaxing)
                0x40205db0                memp_malloc
 *fill*         0x40205dd3        0x1 
 .text.memp_free
                0x40205dd4       0x23 ./build/lwip.a(memp.o)
                                 0x37 (size before relaxing)
                0x40205dd4                memp_free
 *fill*         0x40205df7        0x1 
 .text.tcp_new_port
                0x40205df8       0x64 ./build/lwip.a(tcp.o)
 .text.tcp_init
                0x40205e5c       0x23 ./build/lwip.a(tcp.o)
                                 0x27 (size before relaxing)
                0x40205e60                tcp_init
 *fill*         0x40205e7f        0x1 
 .text.tcp_free
                0x40205e80       0x13 ./build/lwip.a(tcp.o)
                                 0x1b (size before relaxing)
                0x40205e80                tcp_free
 *fill*         0x40205e93        0x1 
 .text.tcp_backlog_delayed
                0x40205e94       0x35 ./build/lwip.a(tcp.o)
                                 0x3d (size before relaxing)
                0x40205e94                tcp_backlog_delayed
 *fill*         0x40205ec9        0x3 
 .text.tcp_backlog_accepted
                0x40205ecc       0x35 ./build/lwip.a(tcp.o)
                                 0x3d (size before relaxing)
                0x40205ecc                tcp_backlog_accepted
 *fill*         0x40205f01        0x3 
 .text.tcp_close_shutdown_fin
                0x40205f04       0x84 ./build/lwip.a(tcp.o)
                                 0x9c (size before relaxing)
 .text.tcp_bind
                0x40205f88       0xb4 ./build/lwip.a(tcp.o)
                                 0xc8 (size before relaxing)
                0x40205f90                tcp_bind
 .text.tcp_bind_netif
                0x4020603c       0x2b ./build/lwip.a(tcp.o)
                                 0x33 (size before relaxing)
                0x4020603c                tcp_bind_netif
 *fill*         0x40206067        0x1 
 .text.tcp_listen_with_backlog_and_err
                0x40206068      0x119 ./build/lwip.a(tcp.o)
                                0x131 (size before relaxing)
                0x40206070                tcp_listen_with_backlog_and_err
 *fill*         0x40206181        0x3 
 .text.tcp_update_rcv_ann_wnd
                0x40206184       0x46 ./build/lwip.a(tcp.o)
                0x40206188                tcp_update_rcv_ann_wnd
 *fill*         0x402061ca        0x2 
 .text.tcp_recved
                0x402061cc       0x60 ./build/lwip.a(tcp.o)
                                 0x70 (size before relaxing)
                0x402061d0                tcp_recved
 .text.tcp_seg_free
                0x4020622c       0x26 ./build/lwip.a(tcp.o)
                                 0x31 (size before relaxing)
                0x4020622c                tcp_seg_free
 *fill*         0x40206252        0x2 
 .text.tcp_segs_free
                0x40206254       0x21 ./build/lwip.a(tcp.o)
                                 0x25 (size before relaxing)
                0x40206254                tcp_segs_free
 *fill*         0x40206275        0x3 
 .text.tcp_seg_copy
                0x40206278       0x33 ./build/lwip.a(tcp.o)
                                 0x43 (size before relaxing)
                0x40206278                tcp_seg_copy
 *fill*         0x402062ab        0x1 
 .text.tcp_arg  0x402062ac       0x1f ./build/lwip.a(tcp.o)
                                 0x27 (size before relaxing)
                0x402062ac                tcp_arg
 *fill*         0x402062cb        0x1 
 .text.tcp_recv
                0x402062cc       0x20 ./build/lwip.a(tcp.o)
                                 0x28 (size before relaxing)
                0x402062cc                tcp_recv